Archive member included to satisfy reference by file (symbol)

c:/program files (x86)/atmel/studio/7.0/toolchain/avr8/avr8-gnu-toolchain/bin/../lib/gcc/avr/5.4.0/../../../../avr/lib/avr5\libm.a(divsf3.o)
                              HwPWM.o (__divsf3)
c:/program files (x86)/atmel/studio/7.0/toolchain/avr8/avr8-gnu-toolchain/bin/../lib/gcc/avr/5.4.0/../../../../avr/lib/avr5\libm.a(divsf3x.o)
                              c:/program files (x86)/atmel/studio/7.0/toolchain/avr8/avr8-gnu-toolchain/bin/../lib/gcc/avr/5.4.0/../../../../avr/lib/avr5\libm.a(divsf3.o) (__divsf3x)
c:/program files (x86)/atmel/studio/7.0/toolchain/avr8/avr8-gnu-toolchain/bin/../lib/gcc/avr/5.4.0/../../../../avr/lib/avr5\libm.a(fixunssfsi.o)
                              HwPWM.o (__fixunssfsi)
c:/program files (x86)/atmel/studio/7.0/toolchain/avr8/avr8-gnu-toolchain/bin/../lib/gcc/avr/5.4.0/../../../../avr/lib/avr5\libm.a(floatsisf.o)
                              HwPWM.o (__floatunsisf)
c:/program files (x86)/atmel/studio/7.0/toolchain/avr8/avr8-gnu-toolchain/bin/../lib/gcc/avr/5.4.0/../../../../avr/lib/avr5\libm.a(fp_inf.o)
                              c:/program files (x86)/atmel/studio/7.0/toolchain/avr8/avr8-gnu-toolchain/bin/../lib/gcc/avr/5.4.0/../../../../avr/lib/avr5\libm.a(divsf3x.o) (__fp_inf)
c:/program files (x86)/atmel/studio/7.0/toolchain/avr8/avr8-gnu-toolchain/bin/../lib/gcc/avr/5.4.0/../../../../avr/lib/avr5\libm.a(fp_nan.o)
                              c:/program files (x86)/atmel/studio/7.0/toolchain/avr8/avr8-gnu-toolchain/bin/../lib/gcc/avr/5.4.0/../../../../avr/lib/avr5\libm.a(divsf3x.o) (__fp_nan)
c:/program files (x86)/atmel/studio/7.0/toolchain/avr8/avr8-gnu-toolchain/bin/../lib/gcc/avr/5.4.0/../../../../avr/lib/avr5\libm.a(fp_pscA.o)
                              c:/program files (x86)/atmel/studio/7.0/toolchain/avr8/avr8-gnu-toolchain/bin/../lib/gcc/avr/5.4.0/../../../../avr/lib/avr5\libm.a(divsf3x.o) (__fp_pscA)
c:/program files (x86)/atmel/studio/7.0/toolchain/avr8/avr8-gnu-toolchain/bin/../lib/gcc/avr/5.4.0/../../../../avr/lib/avr5\libm.a(fp_pscB.o)
                              c:/program files (x86)/atmel/studio/7.0/toolchain/avr8/avr8-gnu-toolchain/bin/../lib/gcc/avr/5.4.0/../../../../avr/lib/avr5\libm.a(divsf3x.o) (__fp_pscB)
c:/program files (x86)/atmel/studio/7.0/toolchain/avr8/avr8-gnu-toolchain/bin/../lib/gcc/avr/5.4.0/../../../../avr/lib/avr5\libm.a(fp_round.o)
                              c:/program files (x86)/atmel/studio/7.0/toolchain/avr8/avr8-gnu-toolchain/bin/../lib/gcc/avr/5.4.0/../../../../avr/lib/avr5\libm.a(divsf3.o) (__fp_round)
c:/program files (x86)/atmel/studio/7.0/toolchain/avr8/avr8-gnu-toolchain/bin/../lib/gcc/avr/5.4.0/../../../../avr/lib/avr5\libm.a(fp_split3.o)
                              c:/program files (x86)/atmel/studio/7.0/toolchain/avr8/avr8-gnu-toolchain/bin/../lib/gcc/avr/5.4.0/../../../../avr/lib/avr5\libm.a(divsf3x.o) (__fp_split3)
c:/program files (x86)/atmel/studio/7.0/toolchain/avr8/avr8-gnu-toolchain/bin/../lib/gcc/avr/5.4.0/../../../../avr/lib/avr5\libm.a(fp_zero.o)
                              c:/program files (x86)/atmel/studio/7.0/toolchain/avr8/avr8-gnu-toolchain/bin/../lib/gcc/avr/5.4.0/../../../../avr/lib/avr5\libm.a(fixunssfsi.o) (__fp_zero)
c:/program files (x86)/atmel/studio/7.0/toolchain/avr8/avr8-gnu-toolchain/bin/../lib/gcc/avr/5.4.0/../../../../avr/lib/avr5\libm.a(mulsf3.o)
                              HwPWM.o (__mulsf3)
c:/program files (x86)/atmel/studio/7.0/toolchain/avr8/avr8-gnu-toolchain/bin/../lib/gcc/avr/5.4.0/../../../../avr/lib/avr5\libm.a(mulsf3x.o)
                              c:/program files (x86)/atmel/studio/7.0/toolchain/avr8/avr8-gnu-toolchain/bin/../lib/gcc/avr/5.4.0/../../../../avr/lib/avr5\libm.a(mulsf3.o) (__mulsf3x)
c:/program files (x86)/atmel/studio/7.0/toolchain/avr8/avr8-gnu-toolchain/bin/../lib/gcc/avr/5.4.0/avr5\libgcc.a(_divmodhi4.o)
                              main.o (__divmodhi4)
c:/program files (x86)/atmel/studio/7.0/toolchain/avr8/avr8-gnu-toolchain/bin/../lib/gcc/avr/5.4.0/avr5\libgcc.a(_udivmodsi4.o)
                              HwPWM.o (__udivmodsi4)
c:/program files (x86)/atmel/studio/7.0/toolchain/avr8/avr8-gnu-toolchain/bin/../lib/gcc/avr/5.4.0/avr5\libgcc.a(_exit.o)
                              C:/Program Files (x86)/Atmel/Studio/7.0/Packs/atmel/ATmega_DFP/1.3.300/gcc/dev/atmega32a/avr5/crtatmega32a.o (exit)
c:/program files (x86)/atmel/studio/7.0/toolchain/avr8/avr8-gnu-toolchain/bin/../lib/gcc/avr/5.4.0/avr5\libgcc.a(_tablejump2.o)
                              sevenSeg.o (__tablejump2__)
c:/program files (x86)/atmel/studio/7.0/toolchain/avr8/avr8-gnu-toolchain/bin/../lib/gcc/avr/5.4.0/avr5\libgcc.a(_clear_bss.o)
                              dcMotor.o (__do_clear_bss)
c:/program files (x86)/atmel/studio/7.0/toolchain/avr8/avr8-gnu-toolchain/bin/../lib/gcc/avr/5.4.0/avr5\libgcc.a(_udivmodhi4.o)
                              c:/program files (x86)/atmel/studio/7.0/toolchain/avr8/avr8-gnu-toolchain/bin/../lib/gcc/avr/5.4.0/avr5\libgcc.a(_divmodhi4.o) (__udivmodhi4)

Allocating common symbols
Common symbol       size              file

prescaler_Timer0    0x2               timers.o
prescaler_Timer2    0x2               timers.o
gu_IC_SW            0x1               main.o
PressCounter        0x1               req8.o
counter_motor_speed
                    0x1               dcMotor.o
prescaler_Timer1    0x2               timers.o
DelayCounter        0x2               req8.o

Discarded input sections

 .data          0x00000000        0x0 C:/Program Files (x86)/Atmel/Studio/7.0/Packs/atmel/ATmega_DFP/1.3.300/gcc/dev/atmega32a/avr5/crtatmega32a.o
 .bss           0x00000000        0x0 C:/Program Files (x86)/Atmel/Studio/7.0/Packs/atmel/ATmega_DFP/1.3.300/gcc/dev/atmega32a/avr5/crtatmega32a.o
 .group         0x00000000        0x8 dcMotor.o
 .group         0x00000000        0x8 dcMotor.o
 .group         0x00000000        0x8 dcMotor.o
 .group         0x00000000        0x8 dcMotor.o
 .group         0x00000000        0x8 dcMotor.o
 .group         0x00000000        0x8 dcMotor.o
 .text          0x00000000        0x0 dcMotor.o
 .data          0x00000000        0x0 dcMotor.o
 .bss           0x00000000        0x0 dcMotor.o
 .text.MotorDC_Init
                0x00000000       0x3e dcMotor.o
 .text.MotorDC_Dir
                0x00000000       0xba dcMotor.o
 .text.MotorDC_Speed_PollingWithT0
                0x00000000       0x5c dcMotor.o
 .debug_info    0x00000000      0x49a dcMotor.o
 .debug_abbrev  0x00000000       0xe0 dcMotor.o
 .debug_loc     0x00000000      0x1ab dcMotor.o
 .debug_aranges
                0x00000000       0x30 dcMotor.o
 .debug_ranges  0x00000000       0x20 dcMotor.o
 .debug_macro   0x00000000       0x5a dcMotor.o
 .debug_macro   0x00000000      0xa4e dcMotor.o
 .debug_macro   0x00000000       0x28 dcMotor.o
 .debug_macro   0x00000000       0x28 dcMotor.o
 .debug_macro   0x00000000       0x4c dcMotor.o
 .debug_macro   0x00000000      0x100 dcMotor.o
 .debug_macro   0x00000000       0x22 dcMotor.o
 .debug_line    0x00000000      0x1ab dcMotor.o
 .debug_str     0x00000000     0x35f1 dcMotor.o
 .comment       0x00000000       0x31 dcMotor.o
 .debug_frame   0x00000000       0x4c dcMotor.o
 COMMON         0x00000000        0x1 dcMotor.o
 .group         0x00000000        0x8 extint.o
 .group         0x00000000        0x8 extint.o
 .group         0x00000000        0x8 extint.o
 .group         0x00000000        0x8 extint.o
 .text          0x00000000        0x0 extint.o
 .data          0x00000000        0x0 extint.o
 .bss           0x00000000        0x0 extint.o
 .debug_macro   0x00000000      0xa4e extint.o
 .debug_macro   0x00000000       0x28 extint.o
 .group         0x00000000        0x8 HwPWM.o
 .group         0x00000000        0x8 HwPWM.o
 .group         0x00000000        0x8 HwPWM.o
 .group         0x00000000        0x8 HwPWM.o
 .group         0x00000000        0x8 HwPWM.o
 .group         0x00000000        0x8 HwPWM.o
 .group         0x00000000        0x8 HwPWM.o
 .text          0x00000000        0x0 HwPWM.o
 .data          0x00000000        0x0 HwPWM.o
 .bss           0x00000000        0x0 HwPWM.o
 .debug_macro   0x00000000      0xa4e HwPWM.o
 .debug_macro   0x00000000       0x28 HwPWM.o
 .debug_macro   0x00000000       0xfa HwPWM.o
 .debug_macro   0x00000000       0x2e HwPWM.o
 .group         0x00000000        0x8 led.o
 .group         0x00000000        0x8 led.o
 .group         0x00000000        0x8 led.o
 .group         0x00000000        0x8 led.o
 .text          0x00000000        0x0 led.o
 .data          0x00000000        0x0 led.o
 .bss           0x00000000        0x0 led.o
 .text.Led_On   0x00000000       0x40 led.o
 .text.Led_Off  0x00000000       0x40 led.o
 .text.Led_Toggle
                0x00000000       0x38 led.o
 .debug_macro   0x00000000      0xa4e led.o
 .debug_macro   0x00000000       0x28 led.o
 .debug_macro   0x00000000       0x28 led.o
 .debug_macro   0x00000000       0x40 led.o
 .group         0x00000000        0x8 main.o
 .group         0x00000000        0x8 main.o
 .group         0x00000000        0x8 main.o
 .group         0x00000000        0x8 main.o
 .group         0x00000000        0x8 main.o
 .group         0x00000000        0x8 main.o
 .group         0x00000000        0x8 main.o
 .group         0x00000000        0x8 main.o
 .group         0x00000000        0x8 main.o
 .group         0x00000000        0x8 main.o
 .group         0x00000000        0x8 main.o
 .group         0x00000000        0x8 main.o
 .group         0x00000000        0x8 main.o
 .group         0x00000000        0x8 main.o
 .group         0x00000000        0x8 main.o
 .text          0x00000000        0x0 main.o
 .data          0x00000000        0x0 main.o
 .bss           0x00000000        0x0 main.o
 .debug_macro   0x00000000      0xa4e main.o
 .debug_macro   0x00000000       0x28 main.o
 .debug_macro   0x00000000       0x28 main.o
 .debug_macro   0x00000000       0x40 main.o
 .debug_macro   0x00000000      0x100 main.o
 .debug_macro   0x00000000       0x22 main.o
 .group         0x00000000        0x8 myinterrupt.o
 .text          0x00000000        0x0 myinterrupt.o
 .data          0x00000000        0x0 myinterrupt.o
 .bss           0x00000000        0x0 myinterrupt.o
 .debug_info    0x00000000       0x21 myinterrupt.o
 .debug_abbrev  0x00000000       0x13 myinterrupt.o
 .debug_aranges
                0x00000000       0x18 myinterrupt.o
 .debug_macro   0x00000000       0x11 myinterrupt.o
 .debug_macro   0x00000000      0xa4e myinterrupt.o
 .debug_line    0x00000000       0x30 myinterrupt.o
 .debug_str     0x00000000     0x2b31 myinterrupt.o
 .comment       0x00000000       0x31 myinterrupt.o
 .group         0x00000000        0x8 pushButton.o
 .group         0x00000000        0x8 pushButton.o
 .group         0x00000000        0x8 pushButton.o
 .group         0x00000000        0x8 pushButton.o
 .text          0x00000000        0x0 pushButton.o
 .data          0x00000000        0x0 pushButton.o
 .bss           0x00000000        0x0 pushButton.o
 .text.pushButtonInit
                0x00000000       0x40 pushButton.o
 .text.pushButtonGetStatus
                0x00000000       0x36 pushButton.o
 .debug_info    0x00000000      0x263 pushButton.o
 .debug_abbrev  0x00000000       0xe0 pushButton.o
 .debug_loc     0x00000000       0xcf pushButton.o
 .debug_aranges
                0x00000000       0x28 pushButton.o
 .debug_ranges  0x00000000       0x18 pushButton.o
 .debug_macro   0x00000000       0x4c pushButton.o
 .debug_macro   0x00000000      0xa4e pushButton.o
 .debug_macro   0x00000000       0x28 pushButton.o
 .debug_macro   0x00000000       0x28 pushButton.o
 .debug_macro   0x00000000       0x3a pushButton.o
 .debug_line    0x00000000       0xfb pushButton.o
 .debug_str     0x00000000     0x2de1 pushButton.o
 .comment       0x00000000       0x31 pushButton.o
 .debug_frame   0x00000000       0x34 pushButton.o
 .group         0x00000000        0x8 req8.o
 .group         0x00000000        0x8 req8.o
 .group         0x00000000        0x8 req8.o
 .group         0x00000000        0x8 req8.o
 .group         0x00000000        0x8 req8.o
 .text          0x00000000        0x0 req8.o
 .data          0x00000000        0x0 req8.o
 .bss           0x00000000        0x0 req8.o
 .text.ButtonLedApp
                0x00000000       0x62 req8.o
 .bss.counterapp
                0x00000000        0x1 req8.o
 .debug_info    0x00000000      0x20f req8.o
 .debug_abbrev  0x00000000       0xda req8.o
 .debug_loc     0x00000000       0x8e req8.o
 .debug_aranges
                0x00000000       0x20 req8.o
 .debug_ranges  0x00000000       0x28 req8.o
 .debug_macro   0x00000000       0x59 req8.o
 .debug_macro   0x00000000      0xa4e req8.o
 .debug_macro   0x00000000       0x28 req8.o
 .debug_macro   0x00000000       0x2e req8.o
 .debug_macro   0x00000000       0x3a req8.o
 .debug_macro   0x00000000       0x40 req8.o
 .debug_line    0x00000000      0x107 req8.o
 .debug_str     0x00000000     0x2e96 req8.o
 .comment       0x00000000       0x31 req8.o
 .debug_frame   0x00000000       0x30 req8.o
 COMMON         0x00000000        0x3 req8.o
 .group         0x00000000        0x8 sevenSeg.o
 .group         0x00000000        0x8 sevenSeg.o
 .group         0x00000000        0x8 sevenSeg.o
 .group         0x00000000        0x8 sevenSeg.o
 .text          0x00000000        0x0 sevenSeg.o
 .data          0x00000000        0x0 sevenSeg.o
 .bss           0x00000000        0x0 sevenSeg.o
 .text.sevenSegInit
                0x00000000       0x36 sevenSeg.o
 .text.sevenSegEnable
                0x00000000       0x22 sevenSeg.o
 .text.sevenSegDisable
                0x00000000       0x22 sevenSeg.o
 .text.sevenSegWrite
                0x00000000       0x8e sevenSeg.o
 .progmem.gcc_sw_table.sevenSegWrite
                0x00000000       0x14 sevenSeg.o
 .debug_info    0x00000000      0x3b5 sevenSeg.o
 .debug_abbrev  0x00000000       0xb5 sevenSeg.o
 .debug_loc     0x00000000      0x23f sevenSeg.o
 .debug_aranges
                0x00000000       0x38 sevenSeg.o
 .debug_ranges  0x00000000       0x28 sevenSeg.o
 .debug_macro   0x00000000       0x3c sevenSeg.o
 .debug_macro   0x00000000      0xa4e sevenSeg.o
 .debug_macro   0x00000000       0x28 sevenSeg.o
 .debug_macro   0x00000000       0x28 sevenSeg.o
 .debug_macro   0x00000000       0x52 sevenSeg.o
 .debug_line    0x00000000      0x172 sevenSeg.o
 .debug_str     0x00000000     0x2e0d sevenSeg.o
 .comment       0x00000000       0x31 sevenSeg.o
 .debug_frame   0x00000000       0x54 sevenSeg.o
 .group         0x00000000        0x8 SevenSegApp.o
 .group         0x00000000        0x8 SevenSegApp.o
 .group         0x00000000        0x8 SevenSegApp.o
 .group         0x00000000        0x8 SevenSegApp.o
 .text          0x00000000        0x0 SevenSegApp.o
 .data          0x00000000        0x0 SevenSegApp.o
 .bss           0x00000000        0x0 SevenSegApp.o
 .text.SevenSegmentApp
                0x00000000       0x88 SevenSegApp.o
 .debug_info    0x00000000      0x1a7 SevenSegApp.o
 .debug_abbrev  0x00000000       0xc7 SevenSegApp.o
 .debug_loc     0x00000000       0xc9 SevenSegApp.o
 .debug_aranges
                0x00000000       0x20 SevenSegApp.o
 .debug_ranges  0x00000000       0x28 SevenSegApp.o
 .debug_macro   0x00000000       0x46 SevenSegApp.o
 .debug_macro   0x00000000      0xa4e SevenSegApp.o
 .debug_macro   0x00000000       0x28 SevenSegApp.o
 .debug_macro   0x00000000       0x28 SevenSegApp.o
 .debug_macro   0x00000000       0x52 SevenSegApp.o
 .debug_line    0x00000000      0x104 SevenSegApp.o
 .debug_str     0x00000000     0x2dd1 SevenSegApp.o
 .comment       0x00000000       0x31 SevenSegApp.o
 .debug_frame   0x00000000       0x40 SevenSegApp.o
 .group         0x00000000        0x8 softwareDelay.o
 .group         0x00000000        0x8 softwareDelay.o
 .text          0x00000000        0x0 softwareDelay.o
 .data          0x00000000        0x0 softwareDelay.o
 .bss           0x00000000        0x0 softwareDelay.o
 .text.softwareDelayMs
                0x00000000       0x26 softwareDelay.o
 .debug_info    0x00000000       0xad softwareDelay.o
 .debug_abbrev  0x00000000       0x72 softwareDelay.o
 .debug_loc     0x00000000       0x2a softwareDelay.o
 .debug_aranges
                0x00000000       0x20 softwareDelay.o
 .debug_ranges  0x00000000       0x10 softwareDelay.o
 .debug_macro   0x00000000       0x24 softwareDelay.o
 .debug_macro   0x00000000      0xa4e softwareDelay.o
 .debug_macro   0x00000000       0x28 softwareDelay.o
 .debug_line    0x00000000       0x75 softwareDelay.o
 .debug_str     0x00000000     0x2c13 softwareDelay.o
 .comment       0x00000000       0x31 softwareDelay.o
 .debug_frame   0x00000000       0x24 softwareDelay.o
 .group         0x00000000        0x8 SwICU.o
 .group         0x00000000        0x8 SwICU.o
 .group         0x00000000        0x8 SwICU.o
 .group         0x00000000        0x8 SwICU.o
 .group         0x00000000        0x8 SwICU.o
 .group         0x00000000        0x8 SwICU.o
 .group         0x00000000        0x8 SwICU.o
 .group         0x00000000        0x8 SwICU.o
 .group         0x00000000        0x8 SwICU.o
 .group         0x00000000        0x8 SwICU.o
 .group         0x00000000        0x8 SwICU.o
 .text          0x00000000        0x0 SwICU.o
 .data          0x00000000        0x0 SwICU.o
 .bss           0x00000000        0x0 SwICU.o
 .text.SwICU_GetCfgEdge
                0x00000000        0x6 SwICU.o
 .text.SwICU_Stop
                0x00000000        0x6 SwICU.o
 .text.SwICU_Start
                0x00000000        0x6 SwICU.o
 .text.SwICU_Disable
                0x00000000        0x6 SwICU.o
 .debug_macro   0x00000000      0xa4e SwICU.o
 .debug_macro   0x00000000       0x88 SwICU.o
 .debug_macro   0x00000000       0x28 SwICU.o
 .debug_macro   0x00000000       0xfa SwICU.o
 .debug_macro   0x00000000       0x2e SwICU.o
 .debug_macro   0x00000000       0x22 SwICU.o
 .debug_macro   0x00000000       0x10 SwICU.o
 .debug_macro   0x00000000      0x1c9 SwICU.o
 .debug_macro   0x00000000      0x2fc SwICU.o
 .debug_macro   0x00000000      0x166 SwICU.o
 .debug_macro   0x00000000       0x40 SwICU.o
 .group         0x00000000        0x8 timers.o
 .group         0x00000000        0x8 timers.o
 .group         0x00000000        0x8 timers.o
 .group         0x00000000        0x8 timers.o
 .group         0x00000000        0x8 timers.o
 .group         0x00000000        0x8 timers.o
 .group         0x00000000        0x8 timers.o
 .group         0x00000000        0x8 timers.o
 .group         0x00000000        0x8 timers.o
 .text          0x00000000        0x0 timers.o
 .data          0x00000000        0x0 timers.o
 .bss           0x00000000        0x0 timers.o
 .text.timer0Set
                0x00000000        0x4 timers.o
 .text.timer0DelayMs
                0x00000000       0x30 timers.o
 .text.timer0DelayUs
                0x00000000        0x2 timers.o
 .text.timer0SwPWM
                0x00000000        0xa timers.o
 .text.timer1Set
                0x00000000        0x6 timers.o
 .text.timer1Read
                0x00000000        0x6 timers.o
 .text.timer1Start
                0x00000000       0x16 timers.o
 .text.timer1Stop
                0x00000000       0x18 timers.o
 .text.timer1DelayMs
                0x00000000       0x38 timers.o
 .text.timer2Init
                0x00000000       0x42 timers.o
 .text.timer2Set
                0x00000000        0x4 timers.o
 .text.timer2Read
                0x00000000        0x4 timers.o
 .text.timer2Start
                0x00000000        0xc timers.o
 .text.timer2Stop
                0x00000000       0x16 timers.o
 .text.timer2DelayMs
                0x00000000       0x30 timers.o
 .bss.Motor_Enable
                0x00000000        0x1 timers.o
 .bss.OverFlowTicks
                0x00000000        0x1 timers.o
 .bss.OverFlowTicksReq
                0x00000000        0x2 timers.o
 .bss.tick_time
                0x00000000        0x2 timers.o
 .bss.TickTime  0x00000000        0x2 timers.o
 .debug_macro   0x00000000      0xa4e timers.o
 .debug_macro   0x00000000       0x28 timers.o
 .debug_macro   0x00000000       0xfa timers.o
 .debug_macro   0x00000000       0x2e timers.o
 .debug_macro   0x00000000       0x22 timers.o
 .debug_macro   0x00000000       0x40 timers.o
 .debug_macro   0x00000000       0x40 timers.o
 .debug_macro   0x00000000       0x88 timers.o
 .debug_macro   0x00000000       0x52 timers.o
 .group         0x00000000        0x8 gpio.o
 .group         0x00000000        0x8 gpio.o
 .group         0x00000000        0x8 gpio.o
 .group         0x00000000        0x8 gpio.o
 .text          0x00000000        0x0 gpio.o
 .data          0x00000000        0x0 gpio.o
 .bss           0x00000000        0x0 gpio.o
 .text.gpioPortDirection
                0x00000000       0x20 gpio.o
 .text.gpioPortWrite
                0x00000000       0x20 gpio.o
 .text.gpioPortToggle
                0x00000000       0x30 gpio.o
 .text.gpioPortRead
                0x00000000       0x2a gpio.o
 .text.gpioPinToggle
                0x00000000       0x30 gpio.o
 .text.gpioPinRead
                0x00000000       0x42 gpio.o
 .debug_macro   0x00000000      0xa4e gpio.o
 .debug_macro   0x00000000       0x28 gpio.o
 .debug_macro   0x00000000       0xfa gpio.o
 .debug_macro   0x00000000       0x2e gpio.o
 .group         0x00000000        0x8 ultrasonic.o
 .group         0x00000000        0x8 ultrasonic.o
 .group         0x00000000        0x8 ultrasonic.o
 .group         0x00000000        0x8 ultrasonic.o
 .group         0x00000000        0x8 ultrasonic.o
 .group         0x00000000        0x8 ultrasonic.o
 .group         0x00000000        0x8 ultrasonic.o
 .group         0x00000000        0x8 ultrasonic.o
 .group         0x00000000        0x8 ultrasonic.o
 .group         0x00000000        0x8 ultrasonic.o
 .text          0x00000000        0x0 ultrasonic.o
 .data          0x00000000        0x0 ultrasonic.o
 .bss           0x00000000        0x0 ultrasonic.o
 .debug_macro   0x00000000      0xa4e ultrasonic.o
 .debug_macro   0x00000000       0x28 ultrasonic.o
 .debug_macro   0x00000000       0x28 ultrasonic.o
 .debug_macro   0x00000000       0x1c ultrasonic.o
 .debug_macro   0x00000000       0x10 ultrasonic.o
 .debug_macro   0x00000000      0x1c9 ultrasonic.o
 .debug_macro   0x00000000      0x2fc ultrasonic.o
 .debug_macro   0x00000000      0x166 ultrasonic.o
 .debug_macro   0x00000000       0x40 ultrasonic.o
 .debug_macro   0x00000000      0x100 ultrasonic.o
 .text          0x00000000        0x0 c:/program files (x86)/atmel/studio/7.0/toolchain/avr8/avr8-gnu-toolchain/bin/../lib/gcc/avr/5.4.0/../../../../avr/lib/avr5\libm.a(divsf3.o)
 .data          0x00000000        0x0 c:/program files (x86)/atmel/studio/7.0/toolchain/avr8/avr8-gnu-toolchain/bin/../lib/gcc/avr/5.4.0/../../../../avr/lib/avr5\libm.a(divsf3.o)
 .bss           0x00000000        0x0 c:/program files (x86)/atmel/studio/7.0/toolchain/avr8/avr8-gnu-toolchain/bin/../lib/gcc/avr/5.4.0/../../../../avr/lib/avr5\libm.a(divsf3.o)
 .text          0x00000000        0x0 c:/program files (x86)/atmel/studio/7.0/toolchain/avr8/avr8-gnu-toolchain/bin/../lib/gcc/avr/5.4.0/../../../../avr/lib/avr5\libm.a(divsf3x.o)
 .data          0x00000000        0x0 c:/program files (x86)/atmel/studio/7.0/toolchain/avr8/avr8-gnu-toolchain/bin/../lib/gcc/avr/5.4.0/../../../../avr/lib/avr5\libm.a(divsf3x.o)
 .bss           0x00000000        0x0 c:/program files (x86)/atmel/studio/7.0/toolchain/avr8/avr8-gnu-toolchain/bin/../lib/gcc/avr/5.4.0/../../../../avr/lib/avr5\libm.a(divsf3x.o)
 .text          0x00000000        0x0 c:/program files (x86)/atmel/studio/7.0/toolchain/avr8/avr8-gnu-toolchain/bin/../lib/gcc/avr/5.4.0/../../../../avr/lib/avr5\libm.a(fixunssfsi.o)
 .data          0x00000000        0x0 c:/program files (x86)/atmel/studio/7.0/toolchain/avr8/avr8-gnu-toolchain/bin/../lib/gcc/avr/5.4.0/../../../../avr/lib/avr5\libm.a(fixunssfsi.o)
 .bss           0x00000000        0x0 c:/program files (x86)/atmel/studio/7.0/toolchain/avr8/avr8-gnu-toolchain/bin/../lib/gcc/avr/5.4.0/../../../../avr/lib/avr5\libm.a(fixunssfsi.o)
 .text          0x00000000        0x0 c:/program files (x86)/atmel/studio/7.0/toolchain/avr8/avr8-gnu-toolchain/bin/../lib/gcc/avr/5.4.0/../../../../avr/lib/avr5\libm.a(floatsisf.o)
 .data          0x00000000        0x0 c:/program files (x86)/atmel/studio/7.0/toolchain/avr8/avr8-gnu-toolchain/bin/../lib/gcc/avr/5.4.0/../../../../avr/lib/avr5\libm.a(floatsisf.o)
 .bss           0x00000000        0x0 c:/program files (x86)/atmel/studio/7.0/toolchain/avr8/avr8-gnu-toolchain/bin/../lib/gcc/avr/5.4.0/../../../../avr/lib/avr5\libm.a(floatsisf.o)
 .text          0x00000000        0x0 c:/program files (x86)/atmel/studio/7.0/toolchain/avr8/avr8-gnu-toolchain/bin/../lib/gcc/avr/5.4.0/../../../../avr/lib/avr5\libm.a(fp_inf.o)
 .data          0x00000000        0x0 c:/program files (x86)/atmel/studio/7.0/toolchain/avr8/avr8-gnu-toolchain/bin/../lib/gcc/avr/5.4.0/../../../../avr/lib/avr5\libm.a(fp_inf.o)
 .bss           0x00000000        0x0 c:/program files (x86)/atmel/studio/7.0/toolchain/avr8/avr8-gnu-toolchain/bin/../lib/gcc/avr/5.4.0/../../../../avr/lib/avr5\libm.a(fp_inf.o)
 .text          0x00000000        0x0 c:/program files (x86)/atmel/studio/7.0/toolchain/avr8/avr8-gnu-toolchain/bin/../lib/gcc/avr/5.4.0/../../../../avr/lib/avr5\libm.a(fp_nan.o)
 .data          0x00000000        0x0 c:/program files (x86)/atmel/studio/7.0/toolchain/avr8/avr8-gnu-toolchain/bin/../lib/gcc/avr/5.4.0/../../../../avr/lib/avr5\libm.a(fp_nan.o)
 .bss           0x00000000        0x0 c:/program files (x86)/atmel/studio/7.0/toolchain/avr8/avr8-gnu-toolchain/bin/../lib/gcc/avr/5.4.0/../../../../avr/lib/avr5\libm.a(fp_nan.o)
 .text          0x00000000        0x0 c:/program files (x86)/atmel/studio/7.0/toolchain/avr8/avr8-gnu-toolchain/bin/../lib/gcc/avr/5.4.0/../../../../avr/lib/avr5\libm.a(fp_pscA.o)
 .data          0x00000000        0x0 c:/program files (x86)/atmel/studio/7.0/toolchain/avr8/avr8-gnu-toolchain/bin/../lib/gcc/avr/5.4.0/../../../../avr/lib/avr5\libm.a(fp_pscA.o)
 .bss           0x00000000        0x0 c:/program files (x86)/atmel/studio/7.0/toolchain/avr8/avr8-gnu-toolchain/bin/../lib/gcc/avr/5.4.0/../../../../avr/lib/avr5\libm.a(fp_pscA.o)
 .text          0x00000000        0x0 c:/program files (x86)/atmel/studio/7.0/toolchain/avr8/avr8-gnu-toolchain/bin/../lib/gcc/avr/5.4.0/../../../../avr/lib/avr5\libm.a(fp_pscB.o)
 .data          0x00000000        0x0 c:/program files (x86)/atmel/studio/7.0/toolchain/avr8/avr8-gnu-toolchain/bin/../lib/gcc/avr/5.4.0/../../../../avr/lib/avr5\libm.a(fp_pscB.o)
 .bss           0x00000000        0x0 c:/program files (x86)/atmel/studio/7.0/toolchain/avr8/avr8-gnu-toolchain/bin/../lib/gcc/avr/5.4.0/../../../../avr/lib/avr5\libm.a(fp_pscB.o)
 .text          0x00000000        0x0 c:/program files (x86)/atmel/studio/7.0/toolchain/avr8/avr8-gnu-toolchain/bin/../lib/gcc/avr/5.4.0/../../../../avr/lib/avr5\libm.a(fp_round.o)
 .data          0x00000000        0x0 c:/program files (x86)/atmel/studio/7.0/toolchain/avr8/avr8-gnu-toolchain/bin/../lib/gcc/avr/5.4.0/../../../../avr/lib/avr5\libm.a(fp_round.o)
 .bss           0x00000000        0x0 c:/program files (x86)/atmel/studio/7.0/toolchain/avr8/avr8-gnu-toolchain/bin/../lib/gcc/avr/5.4.0/../../../../avr/lib/avr5\libm.a(fp_round.o)
 .text          0x00000000        0x0 c:/program files (x86)/atmel/studio/7.0/toolchain/avr8/avr8-gnu-toolchain/bin/../lib/gcc/avr/5.4.0/../../../../avr/lib/avr5\libm.a(fp_split3.o)
 .data          0x00000000        0x0 c:/program files (x86)/atmel/studio/7.0/toolchain/avr8/avr8-gnu-toolchain/bin/../lib/gcc/avr/5.4.0/../../../../avr/lib/avr5\libm.a(fp_split3.o)
 .bss           0x00000000        0x0 c:/program files (x86)/atmel/studio/7.0/toolchain/avr8/avr8-gnu-toolchain/bin/../lib/gcc/avr/5.4.0/../../../../avr/lib/avr5\libm.a(fp_split3.o)
 .text          0x00000000        0x0 c:/program files (x86)/atmel/studio/7.0/toolchain/avr8/avr8-gnu-toolchain/bin/../lib/gcc/avr/5.4.0/../../../../avr/lib/avr5\libm.a(fp_zero.o)
 .data          0x00000000        0x0 c:/program files (x86)/atmel/studio/7.0/toolchain/avr8/avr8-gnu-toolchain/bin/../lib/gcc/avr/5.4.0/../../../../avr/lib/avr5\libm.a(fp_zero.o)
 .bss           0x00000000        0x0 c:/program files (x86)/atmel/studio/7.0/toolchain/avr8/avr8-gnu-toolchain/bin/../lib/gcc/avr/5.4.0/../../../../avr/lib/avr5\libm.a(fp_zero.o)
 .text          0x00000000        0x0 c:/program files (x86)/atmel/studio/7.0/toolchain/avr8/avr8-gnu-toolchain/bin/../lib/gcc/avr/5.4.0/../../../../avr/lib/avr5\libm.a(mulsf3.o)
 .data          0x00000000        0x0 c:/program files (x86)/atmel/studio/7.0/toolchain/avr8/avr8-gnu-toolchain/bin/../lib/gcc/avr/5.4.0/../../../../avr/lib/avr5\libm.a(mulsf3.o)
 .bss           0x00000000        0x0 c:/program files (x86)/atmel/studio/7.0/toolchain/avr8/avr8-gnu-toolchain/bin/../lib/gcc/avr/5.4.0/../../../../avr/lib/avr5\libm.a(mulsf3.o)
 .text          0x00000000        0x0 c:/program files (x86)/atmel/studio/7.0/toolchain/avr8/avr8-gnu-toolchain/bin/../lib/gcc/avr/5.4.0/../../../../avr/lib/avr5\libm.a(mulsf3x.o)
 .data          0x00000000        0x0 c:/program files (x86)/atmel/studio/7.0/toolchain/avr8/avr8-gnu-toolchain/bin/../lib/gcc/avr/5.4.0/../../../../avr/lib/avr5\libm.a(mulsf3x.o)
 .bss           0x00000000        0x0 c:/program files (x86)/atmel/studio/7.0/toolchain/avr8/avr8-gnu-toolchain/bin/../lib/gcc/avr/5.4.0/../../../../avr/lib/avr5\libm.a(mulsf3x.o)
 .text          0x00000000        0x0 c:/program files (x86)/atmel/studio/7.0/toolchain/avr8/avr8-gnu-toolchain/bin/../lib/gcc/avr/5.4.0/avr5\libgcc.a(_divmodhi4.o)
 .data          0x00000000        0x0 c:/program files (x86)/atmel/studio/7.0/toolchain/avr8/avr8-gnu-toolchain/bin/../lib/gcc/avr/5.4.0/avr5\libgcc.a(_divmodhi4.o)
 .bss           0x00000000        0x0 c:/program files (x86)/atmel/studio/7.0/toolchain/avr8/avr8-gnu-toolchain/bin/../lib/gcc/avr/5.4.0/avr5\libgcc.a(_divmodhi4.o)
 .text.libgcc.mul
                0x00000000        0x0 c:/program files (x86)/atmel/studio/7.0/toolchain/avr8/avr8-gnu-toolchain/bin/../lib/gcc/avr/5.4.0/avr5\libgcc.a(_divmodhi4.o)
 .text.libgcc   0x00000000        0x0 c:/program files (x86)/atmel/studio/7.0/toolchain/avr8/avr8-gnu-toolchain/bin/../lib/gcc/avr/5.4.0/avr5\libgcc.a(_divmodhi4.o)
 .text.libgcc.prologue
                0x00000000        0x0 c:/program files (x86)/atmel/studio/7.0/toolchain/avr8/avr8-gnu-toolchain/bin/../lib/gcc/avr/5.4.0/avr5\libgcc.a(_divmodhi4.o)
 .text.libgcc.builtins
                0x00000000        0x0 c:/program files (x86)/atmel/studio/7.0/toolchain/avr8/avr8-gnu-toolchain/bin/../lib/gcc/avr/5.4.0/avr5\libgcc.a(_divmodhi4.o)
 .text.libgcc.fmul
                0x00000000        0x0 c:/program files (x86)/atmel/studio/7.0/toolchain/avr8/avr8-gnu-toolchain/bin/../lib/gcc/avr/5.4.0/avr5\libgcc.a(_divmodhi4.o)
 .text.libgcc.fixed
                0x00000000        0x0 c:/program files (x86)/atmel/studio/7.0/toolchain/avr8/avr8-gnu-toolchain/bin/../lib/gcc/avr/5.4.0/avr5\libgcc.a(_divmodhi4.o)
 .text          0x00000000        0x0 c:/program files (x86)/atmel/studio/7.0/toolchain/avr8/avr8-gnu-toolchain/bin/../lib/gcc/avr/5.4.0/avr5\libgcc.a(_udivmodsi4.o)
 .data          0x00000000        0x0 c:/program files (x86)/atmel/studio/7.0/toolchain/avr8/avr8-gnu-toolchain/bin/../lib/gcc/avr/5.4.0/avr5\libgcc.a(_udivmodsi4.o)
 .bss           0x00000000        0x0 c:/program files (x86)/atmel/studio/7.0/toolchain/avr8/avr8-gnu-toolchain/bin/../lib/gcc/avr/5.4.0/avr5\libgcc.a(_udivmodsi4.o)
 .text.libgcc.mul
                0x00000000        0x0 c:/program files (x86)/atmel/studio/7.0/toolchain/avr8/avr8-gnu-toolchain/bin/../lib/gcc/avr/5.4.0/avr5\libgcc.a(_udivmodsi4.o)
 .text.libgcc   0x00000000        0x0 c:/program files (x86)/atmel/studio/7.0/toolchain/avr8/avr8-gnu-toolchain/bin/../lib/gcc/avr/5.4.0/avr5\libgcc.a(_udivmodsi4.o)
 .text.libgcc.prologue
                0x00000000        0x0 c:/program files (x86)/atmel/studio/7.0/toolchain/avr8/avr8-gnu-toolchain/bin/../lib/gcc/avr/5.4.0/avr5\libgcc.a(_udivmodsi4.o)
 .text.libgcc.builtins
                0x00000000        0x0 c:/program files (x86)/atmel/studio/7.0/toolchain/avr8/avr8-gnu-toolchain/bin/../lib/gcc/avr/5.4.0/avr5\libgcc.a(_udivmodsi4.o)
 .text.libgcc.fmul
                0x00000000        0x0 c:/program files (x86)/atmel/studio/7.0/toolchain/avr8/avr8-gnu-toolchain/bin/../lib/gcc/avr/5.4.0/avr5\libgcc.a(_udivmodsi4.o)
 .text.libgcc.fixed
                0x00000000        0x0 c:/program files (x86)/atmel/studio/7.0/toolchain/avr8/avr8-gnu-toolchain/bin/../lib/gcc/avr/5.4.0/avr5\libgcc.a(_udivmodsi4.o)
 .text          0x00000000        0x0 c:/program files (x86)/atmel/studio/7.0/toolchain/avr8/avr8-gnu-toolchain/bin/../lib/gcc/avr/5.4.0/avr5\libgcc.a(_exit.o)
 .data          0x00000000        0x0 c:/program files (x86)/atmel/studio/7.0/toolchain/avr8/avr8-gnu-toolchain/bin/../lib/gcc/avr/5.4.0/avr5\libgcc.a(_exit.o)
 .bss           0x00000000        0x0 c:/program files (x86)/atmel/studio/7.0/toolchain/avr8/avr8-gnu-toolchain/bin/../lib/gcc/avr/5.4.0/avr5\libgcc.a(_exit.o)
 .text.libgcc.mul
                0x00000000        0x0 c:/program files (x86)/atmel/studio/7.0/toolchain/avr8/avr8-gnu-toolchain/bin/../lib/gcc/avr/5.4.0/avr5\libgcc.a(_exit.o)
 .text.libgcc.div
                0x00000000        0x0 c:/program files (x86)/atmel/studio/7.0/toolchain/avr8/avr8-gnu-toolchain/bin/../lib/gcc/avr/5.4.0/avr5\libgcc.a(_exit.o)
 .text.libgcc   0x00000000        0x0 c:/program files (x86)/atmel/studio/7.0/toolchain/avr8/avr8-gnu-toolchain/bin/../lib/gcc/avr/5.4.0/avr5\libgcc.a(_exit.o)
 .text.libgcc.prologue
                0x00000000        0x0 c:/program files (x86)/atmel/studio/7.0/toolchain/avr8/avr8-gnu-toolchain/bin/../lib/gcc/avr/5.4.0/avr5\libgcc.a(_exit.o)
 .text.libgcc.builtins
                0x00000000        0x0 c:/program files (x86)/atmel/studio/7.0/toolchain/avr8/avr8-gnu-toolchain/bin/../lib/gcc/avr/5.4.0/avr5\libgcc.a(_exit.o)
 .text.libgcc.fmul
                0x00000000        0x0 c:/program files (x86)/atmel/studio/7.0/toolchain/avr8/avr8-gnu-toolchain/bin/../lib/gcc/avr/5.4.0/avr5\libgcc.a(_exit.o)
 .text.libgcc.fixed
                0x00000000        0x0 c:/program files (x86)/atmel/studio/7.0/toolchain/avr8/avr8-gnu-toolchain/bin/../lib/gcc/avr/5.4.0/avr5\libgcc.a(_exit.o)
 .text          0x00000000        0x0 c:/program files (x86)/atmel/studio/7.0/toolchain/avr8/avr8-gnu-toolchain/bin/../lib/gcc/avr/5.4.0/avr5\libgcc.a(_tablejump2.o)
 .data          0x00000000        0x0 c:/program files (x86)/atmel/studio/7.0/toolchain/avr8/avr8-gnu-toolchain/bin/../lib/gcc/avr/5.4.0/avr5\libgcc.a(_tablejump2.o)
 .bss           0x00000000        0x0 c:/program files (x86)/atmel/studio/7.0/toolchain/avr8/avr8-gnu-toolchain/bin/../lib/gcc/avr/5.4.0/avr5\libgcc.a(_tablejump2.o)
 .text.libgcc.mul
                0x00000000        0x0 c:/program files (x86)/atmel/studio/7.0/toolchain/avr8/avr8-gnu-toolchain/bin/../lib/gcc/avr/5.4.0/avr5\libgcc.a(_tablejump2.o)
 .text.libgcc.div
                0x00000000        0x0 c:/program files (x86)/atmel/studio/7.0/toolchain/avr8/avr8-gnu-toolchain/bin/../lib/gcc/avr/5.4.0/avr5\libgcc.a(_tablejump2.o)
 .text.libgcc   0x00000000        0xc c:/program files (x86)/atmel/studio/7.0/toolchain/avr8/avr8-gnu-toolchain/bin/../lib/gcc/avr/5.4.0/avr5\libgcc.a(_tablejump2.o)
 .text.libgcc.prologue
                0x00000000        0x0 c:/program files (x86)/atmel/studio/7.0/toolchain/avr8/avr8-gnu-toolchain/bin/../lib/gcc/avr/5.4.0/avr5\libgcc.a(_tablejump2.o)
 .text.libgcc.builtins
                0x00000000        0x0 c:/program files (x86)/atmel/studio/7.0/toolchain/avr8/avr8-gnu-toolchain/bin/../lib/gcc/avr/5.4.0/avr5\libgcc.a(_tablejump2.o)
 .text.libgcc.fmul
                0x00000000        0x0 c:/program files (x86)/atmel/studio/7.0/toolchain/avr8/avr8-gnu-toolchain/bin/../lib/gcc/avr/5.4.0/avr5\libgcc.a(_tablejump2.o)
 .text.libgcc.fixed
                0x00000000        0x0 c:/program files (x86)/atmel/studio/7.0/toolchain/avr8/avr8-gnu-toolchain/bin/../lib/gcc/avr/5.4.0/avr5\libgcc.a(_tablejump2.o)
 .text          0x00000000        0x0 c:/program files (x86)/atmel/studio/7.0/toolchain/avr8/avr8-gnu-toolchain/bin/../lib/gcc/avr/5.4.0/avr5\libgcc.a(_clear_bss.o)
 .data          0x00000000        0x0 c:/program files (x86)/atmel/studio/7.0/toolchain/avr8/avr8-gnu-toolchain/bin/../lib/gcc/avr/5.4.0/avr5\libgcc.a(_clear_bss.o)
 .bss           0x00000000        0x0 c:/program files (x86)/atmel/studio/7.0/toolchain/avr8/avr8-gnu-toolchain/bin/../lib/gcc/avr/5.4.0/avr5\libgcc.a(_clear_bss.o)
 .text.libgcc.mul
                0x00000000        0x0 c:/program files (x86)/atmel/studio/7.0/toolchain/avr8/avr8-gnu-toolchain/bin/../lib/gcc/avr/5.4.0/avr5\libgcc.a(_clear_bss.o)
 .text.libgcc.div
                0x00000000        0x0 c:/program files (x86)/atmel/studio/7.0/toolchain/avr8/avr8-gnu-toolchain/bin/../lib/gcc/avr/5.4.0/avr5\libgcc.a(_clear_bss.o)
 .text.libgcc   0x00000000        0x0 c:/program files (x86)/atmel/studio/7.0/toolchain/avr8/avr8-gnu-toolchain/bin/../lib/gcc/avr/5.4.0/avr5\libgcc.a(_clear_bss.o)
 .text.libgcc.prologue
                0x00000000        0x0 c:/program files (x86)/atmel/studio/7.0/toolchain/avr8/avr8-gnu-toolchain/bin/../lib/gcc/avr/5.4.0/avr5\libgcc.a(_clear_bss.o)
 .text.libgcc.builtins
                0x00000000        0x0 c:/program files (x86)/atmel/studio/7.0/toolchain/avr8/avr8-gnu-toolchain/bin/../lib/gcc/avr/5.4.0/avr5\libgcc.a(_clear_bss.o)
 .text.libgcc.fmul
                0x00000000        0x0 c:/program files (x86)/atmel/studio/7.0/toolchain/avr8/avr8-gnu-toolchain/bin/../lib/gcc/avr/5.4.0/avr5\libgcc.a(_clear_bss.o)
 .text.libgcc.fixed
                0x00000000        0x0 c:/program files (x86)/atmel/studio/7.0/toolchain/avr8/avr8-gnu-toolchain/bin/../lib/gcc/avr/5.4.0/avr5\libgcc.a(_clear_bss.o)
 .text          0x00000000        0x0 c:/program files (x86)/atmel/studio/7.0/toolchain/avr8/avr8-gnu-toolchain/bin/../lib/gcc/avr/5.4.0/avr5\libgcc.a(_udivmodhi4.o)
 .data          0x00000000        0x0 c:/program files (x86)/atmel/studio/7.0/toolchain/avr8/avr8-gnu-toolchain/bin/../lib/gcc/avr/5.4.0/avr5\libgcc.a(_udivmodhi4.o)
 .bss           0x00000000        0x0 c:/program files (x86)/atmel/studio/7.0/toolchain/avr8/avr8-gnu-toolchain/bin/../lib/gcc/avr/5.4.0/avr5\libgcc.a(_udivmodhi4.o)
 .text.libgcc.mul
                0x00000000        0x0 c:/program files (x86)/atmel/studio/7.0/toolchain/avr8/avr8-gnu-toolchain/bin/../lib/gcc/avr/5.4.0/avr5\libgcc.a(_udivmodhi4.o)
 .text.libgcc   0x00000000        0x0 c:/program files (x86)/atmel/studio/7.0/toolchain/avr8/avr8-gnu-toolchain/bin/../lib/gcc/avr/5.4.0/avr5\libgcc.a(_udivmodhi4.o)
 .text.libgcc.prologue
                0x00000000        0x0 c:/program files (x86)/atmel/studio/7.0/toolchain/avr8/avr8-gnu-toolchain/bin/../lib/gcc/avr/5.4.0/avr5\libgcc.a(_udivmodhi4.o)
 .text.libgcc.builtins
                0x00000000        0x0 c:/program files (x86)/atmel/studio/7.0/toolchain/avr8/avr8-gnu-toolchain/bin/../lib/gcc/avr/5.4.0/avr5\libgcc.a(_udivmodhi4.o)
 .text.libgcc.fmul
                0x00000000        0x0 c:/program files (x86)/atmel/studio/7.0/toolchain/avr8/avr8-gnu-toolchain/bin/../lib/gcc/avr/5.4.0/avr5\libgcc.a(_udivmodhi4.o)
 .text.libgcc.fixed
                0x00000000        0x0 c:/program files (x86)/atmel/studio/7.0/toolchain/avr8/avr8-gnu-toolchain/bin/../lib/gcc/avr/5.4.0/avr5\libgcc.a(_udivmodhi4.o)

Memory Configuration

Name             Origin             Length             Attributes
text             0x00000000         0x00020000         xr
data             0x00800060         0x0000ffa0         rw !x
eeprom           0x00810000         0x00010000         rw !x
fuse             0x00820000         0x00000002         rw !x
lock             0x00830000         0x00000400         rw !x
signature        0x00840000         0x00000400         rw !x
user_signatures  0x00850000         0x00000400         rw !x
*default*        0x00000000         0xffffffff

Linker script and memory map

LOAD C:/Program Files (x86)/Atmel/Studio/7.0/Packs/atmel/ATmega_DFP/1.3.300/gcc/dev/atmega32a/avr5/crtatmega32a.o
LOAD dcMotor.o
LOAD extint.o
LOAD HwPWM.o
LOAD led.o
LOAD main.o
LOAD myinterrupt.o
LOAD pushButton.o
LOAD req8.o
LOAD sevenSeg.o
LOAD SevenSegApp.o
LOAD softwareDelay.o
LOAD SwICU.o
LOAD timers.o
LOAD gpio.o
LOAD ultrasonic.o
START GROUP
LOAD c:/program files (x86)/atmel/studio/7.0/toolchain/avr8/avr8-gnu-toolchain/bin/../lib/gcc/avr/5.4.0/../../../../avr/lib/avr5\libm.a
END GROUP
START GROUP
LOAD c:/program files (x86)/atmel/studio/7.0/toolchain/avr8/avr8-gnu-toolchain/bin/../lib/gcc/avr/5.4.0/avr5\libgcc.a
LOAD c:/program files (x86)/atmel/studio/7.0/toolchain/avr8/avr8-gnu-toolchain/bin/../lib/gcc/avr/5.4.0/../../../../avr/lib/avr5\libm.a
LOAD c:/program files (x86)/atmel/studio/7.0/toolchain/avr8/avr8-gnu-toolchain/bin/../lib/gcc/avr/5.4.0/../../../../avr/lib/avr5\libc.a
LOAD C:/Program Files (x86)/Atmel/Studio/7.0/Packs/atmel/ATmega_DFP/1.3.300/gcc/dev/atmega32a/avr5\libatmega32a.a
END GROUP
                0x00000000                __TEXT_REGION_ORIGIN__ = DEFINED (__TEXT_REGION_ORIGIN__)?__TEXT_REGION_ORIGIN__:0x0
                0x00800060                __DATA_REGION_ORIGIN__ = DEFINED (__DATA_REGION_ORIGIN__)?__DATA_REGION_ORIGIN__:0x800060
                0x00020000                __TEXT_REGION_LENGTH__ = DEFINED (__TEXT_REGION_LENGTH__)?__TEXT_REGION_LENGTH__:0x20000
                0x0000ffa0                __DATA_REGION_LENGTH__ = DEFINED (__DATA_REGION_LENGTH__)?__DATA_REGION_LENGTH__:0xffa0
                0x00010000                __EEPROM_REGION_LENGTH__ = DEFINED (__EEPROM_REGION_LENGTH__)?__EEPROM_REGION_LENGTH__:0x10000
                [0x00000002]                __FUSE_REGION_LENGTH__ = DEFINED (__FUSE_REGION_LENGTH__)?__FUSE_REGION_LENGTH__:0x400
                0x00000400                __LOCK_REGION_LENGTH__ = DEFINED (__LOCK_REGION_LENGTH__)?__LOCK_REGION_LENGTH__:0x400
                0x00000400                __SIGNATURE_REGION_LENGTH__ = DEFINED (__SIGNATURE_REGION_LENGTH__)?__SIGNATURE_REGION_LENGTH__:0x400
                0x00000400                __USER_SIGNATURE_REGION_LENGTH__ = DEFINED (__USER_SIGNATURE_REGION_LENGTH__)?__USER_SIGNATURE_REGION_LENGTH__:0x400

.hash
 *(.hash)

.dynsym
 *(.dynsym)

.dynstr
 *(.dynstr)

.gnu.version
 *(.gnu.version)

.gnu.version_d
 *(.gnu.version_d)

.gnu.version_r
 *(.gnu.version_r)

.rel.init
 *(.rel.init)

.rela.init
 *(.rela.init)

.rel.text
 *(.rel.text)
 *(.rel.text.*)
 *(.rel.gnu.linkonce.t*)

.rela.text
 *(.rela.text)
 *(.rela.text.*)
 *(.rela.gnu.linkonce.t*)

.rel.fini
 *(.rel.fini)

.rela.fini
 *(.rela.fini)

.rel.rodata
 *(.rel.rodata)
 *(.rel.rodata.*)
 *(.rel.gnu.linkonce.r*)

.rela.rodata
 *(.rela.rodata)
 *(.rela.rodata.*)
 *(.rela.gnu.linkonce.r*)

.rel.data
 *(.rel.data)
 *(.rel.data.*)
 *(.rel.gnu.linkonce.d*)

.rela.data
 *(.rela.data)
 *(.rela.data.*)
 *(.rela.gnu.linkonce.d*)

.rel.ctors
 *(.rel.ctors)

.rela.ctors
 *(.rela.ctors)

.rel.dtors
 *(.rel.dtors)

.rela.dtors
 *(.rela.dtors)

.rel.got
 *(.rel.got)

.rela.got
 *(.rela.got)

.rel.bss
 *(.rel.bss)

.rela.bss
 *(.rela.bss)

.rel.plt
 *(.rel.plt)

.rela.plt
 *(.rela.plt)

.text           0x00000000      0x900
 *(.vectors)
 .vectors       0x00000000       0x54 C:/Program Files (x86)/Atmel/Studio/7.0/Packs/atmel/ATmega_DFP/1.3.300/gcc/dev/atmega32a/avr5/crtatmega32a.o
                0x00000000                __vector_default
                0x00000000                __vectors
 *(.vectors)
 *(.progmem.gcc*)
                0x00000054                . = ALIGN (0x2)
                0x00000054                __trampolines_start = .
 *(.trampolines)
 .trampolines   0x00000054        0x0 linker stubs
 *(.trampolines*)
                0x00000054                __trampolines_end = .
 *libprintf_flt.a:*(.progmem.data)
 *libc.a:*(.progmem.data)
 *(.progmem*)
                0x00000054                . = ALIGN (0x2)
 *(.jumptables)
 *(.jumptables*)
 *(.lowtext)
 *(.lowtext*)
                0x00000054                __ctors_start = .
 *(.ctors)
                0x00000054                __ctors_end = .
                0x00000054                __dtors_start = .
 *(.dtors)
                0x00000054                __dtors_end = .
 SORT(*)(.ctors)
 SORT(*)(.dtors)
 *(.init0)
 .init0         0x00000054        0x0 C:/Program Files (x86)/Atmel/Studio/7.0/Packs/atmel/ATmega_DFP/1.3.300/gcc/dev/atmega32a/avr5/crtatmega32a.o
                0x00000054                __init
 *(.init0)
 *(.init1)
 *(.init1)
 *(.init2)
 .init2         0x00000054        0xc C:/Program Files (x86)/Atmel/Studio/7.0/Packs/atmel/ATmega_DFP/1.3.300/gcc/dev/atmega32a/avr5/crtatmega32a.o
 *(.init2)
 *(.init3)
 *(.init3)
 *(.init4)
 .init4         0x00000060       0x10 c:/program files (x86)/atmel/studio/7.0/toolchain/avr8/avr8-gnu-toolchain/bin/../lib/gcc/avr/5.4.0/avr5\libgcc.a(_clear_bss.o)
                0x00000060                __do_clear_bss
 *(.init4)
 *(.init5)
 *(.init5)
 *(.init6)
 *(.init6)
 *(.init7)
 *(.init7)
 *(.init8)
 *(.init8)
 *(.init9)
 .init9         0x00000070        0x4 C:/Program Files (x86)/Atmel/Studio/7.0/Packs/atmel/ATmega_DFP/1.3.300/gcc/dev/atmega32a/avr5/crtatmega32a.o
 *(.init9)
 *(.text)
 .text          0x00000074        0x2 C:/Program Files (x86)/Atmel/Studio/7.0/Packs/atmel/ATmega_DFP/1.3.300/gcc/dev/atmega32a/avr5/crtatmega32a.o
                0x00000074                __vector_1
                0x00000074                __vector_12
                0x00000074                __bad_interrupt
                0x00000074                __vector_6
                0x00000074                __vector_13
                0x00000074                __vector_17
                0x00000074                __vector_19
                0x00000074                __vector_7
                0x00000074                __vector_5
                0x00000074                __vector_4
                0x00000074                __vector_9
                0x00000074                __vector_2
                0x00000074                __vector_15
                0x00000074                __vector_8
                0x00000074                __vector_14
                0x00000074                __vector_10
                0x00000074                __vector_16
                0x00000074                __vector_18
                0x00000074                __vector_20
                0x00000076                . = ALIGN (0x2)
 *(.text.*)
 .text.EINT2_Enable
                0x00000076        0x8 extint.o
                0x00000076                EINT2_Enable
 .text.EINT2_Disable
                0x0000007e        0x6 extint.o
                0x0000007e                EINT2_Disable
 .text.EINT2_R_s_Edge
                0x00000084        0x8 extint.o
                0x00000084                EINT2_R_s_Edge
 .text.EINT2_Falling_Edge
                0x0000008c        0x8 extint.o
                0x0000008c                EINT2_Falling_Edge
 .text.HwPWMInit
                0x00000094       0x6a HwPWM.o
                0x00000094                HwPWMInit
 .text.HwPWMSetDuty
                0x000000fe       0x80 HwPWM.o
                0x000000fe                HwPWMSetDuty
 .text.Led_Init
                0x0000017e       0x38 led.o
                0x0000017e                Led_Init
 .text.main     0x000001b6       0x78 main.o
                0x000001b6                main
 .text.__vector_3
                0x0000022e       0x72 main.o
                0x0000022e                __vector_3
 .text.SwICU_Init
                0x000002a0       0x12 SwICU.o
                0x000002a0                SwICU_Init
 .text.SwICU_SetCfgEdge
                0x000002b2       0x20 SwICU.o
                0x000002b2                SwICU_SetCfgEdge
 .text.SwICU_Read
                0x000002d2       0x10 SwICU.o
                0x000002d2                SwICU_Read
 .text.SwICU_Enable
                0x000002e2        0x4 SwICU.o
                0x000002e2                SwICU_Enable
 .text.__vector_11
                0x000002e6       0x88 timers.o
                0x000002e6                __vector_11
 .text.timer0Init
                0x0000036e       0x30 timers.o
                0x0000036e                timer0Init
 .text.timer0Read
                0x0000039e        0x4 timers.o
                0x0000039e                timer0Read
 .text.timer0Start
                0x000003a2        0xc timers.o
                0x000003a2                timer0Start
 .text.timer0Stop
                0x000003ae       0x16 timers.o
                0x000003ae                timer0Stop
 .text.timer1Init
                0x000003c4       0x94 timers.o
                0x000003c4                timer1Init
 .text.gpioPinDirection
                0x00000458       0x78 gpio.o
                0x00000458                gpioPinDirection
 .text.gpioPinWrite
                0x000004d0       0x78 gpio.o
                0x000004d0                gpioPinWrite
 .text.Ultrasonic_Init
                0x00000548        0x6 ultrasonic.o
                0x00000548                Ultrasonic_Init
 .text.Ultrasonic_Start
                0x0000054e       0x12 ultrasonic.o
                0x0000054e                Ultrasonic_Start
 .text.avr-libc.fplib
                0x00000560        0x4 c:/program files (x86)/atmel/studio/7.0/toolchain/avr8/avr8-gnu-toolchain/bin/../lib/gcc/avr/5.4.0/../../../../avr/lib/avr5\libm.a(divsf3.o)
                0x00000560                __divsf3
 .text.avr-libc.fplib
                0x00000564       0xcc c:/program files (x86)/atmel/studio/7.0/toolchain/avr8/avr8-gnu-toolchain/bin/../lib/gcc/avr/5.4.0/../../../../avr/lib/avr5\libm.a(divsf3x.o)
                0x0000057a                __divsf3x
                0x0000057e                __divsf3_pse
 .text.avr-libc.fplib
                0x00000630       0x58 c:/program files (x86)/atmel/studio/7.0/toolchain/avr8/avr8-gnu-toolchain/bin/../lib/gcc/avr/5.4.0/../../../../avr/lib/avr5\libm.a(fixunssfsi.o)
                0x00000630                __fixunssfsi
 .text.avr-libc.fplib
                0x00000688       0x7a c:/program files (x86)/atmel/studio/7.0/toolchain/avr8/avr8-gnu-toolchain/bin/../lib/gcc/avr/5.4.0/../../../../avr/lib/avr5\libm.a(floatsisf.o)
                0x00000688                __floatunsisf
                0x0000068c                __floatsisf
 .text.avr-libc.fplib
                0x00000702        0xc c:/program files (x86)/atmel/studio/7.0/toolchain/avr8/avr8-gnu-toolchain/bin/../lib/gcc/avr/5.4.0/../../../../avr/lib/avr5\libm.a(fp_inf.o)
                0x00000702                __fp_inf
 .text.avr-libc.fplib
                0x0000070e        0x6 c:/program files (x86)/atmel/studio/7.0/toolchain/avr8/avr8-gnu-toolchain/bin/../lib/gcc/avr/5.4.0/../../../../avr/lib/avr5\libm.a(fp_nan.o)
                0x0000070e                __fp_nan
 .text.avr-libc.fplib
                0x00000714        0xe c:/program files (x86)/atmel/studio/7.0/toolchain/avr8/avr8-gnu-toolchain/bin/../lib/gcc/avr/5.4.0/../../../../avr/lib/avr5\libm.a(fp_pscA.o)
                0x00000714                __fp_pscA
 .text.avr-libc.fplib
                0x00000722        0xe c:/program files (x86)/atmel/studio/7.0/toolchain/avr8/avr8-gnu-toolchain/bin/../lib/gcc/avr/5.4.0/../../../../avr/lib/avr5\libm.a(fp_pscB.o)
                0x00000722                __fp_pscB
 .text.avr-libc.fplib
                0x00000730       0x22 c:/program files (x86)/atmel/studio/7.0/toolchain/avr8/avr8-gnu-toolchain/bin/../lib/gcc/avr/5.4.0/../../../../avr/lib/avr5\libm.a(fp_round.o)
                0x00000730                __fp_round
 .text.avr-libc.fplib
                0x00000752       0x44 c:/program files (x86)/atmel/studio/7.0/toolchain/avr8/avr8-gnu-toolchain/bin/../lib/gcc/avr/5.4.0/../../../../avr/lib/avr5\libm.a(fp_split3.o)
                0x00000752                __fp_split3
                0x00000762                __fp_splitA
 .text.avr-libc.fplib
                0x00000796        0xe c:/program files (x86)/atmel/studio/7.0/toolchain/avr8/avr8-gnu-toolchain/bin/../lib/gcc/avr/5.4.0/../../../../avr/lib/avr5\libm.a(fp_zero.o)
                0x00000796                __fp_zero
                0x00000798                __fp_szero
 .text.avr-libc.fplib
                0x000007a4        0x4 c:/program files (x86)/atmel/studio/7.0/toolchain/avr8/avr8-gnu-toolchain/bin/../lib/gcc/avr/5.4.0/../../../../avr/lib/avr5\libm.a(mulsf3.o)
                0x000007a4                __mulsf3
 .text.avr-libc.fplib
                0x000007a8       0xc2 c:/program files (x86)/atmel/studio/7.0/toolchain/avr8/avr8-gnu-toolchain/bin/../lib/gcc/avr/5.4.0/../../../../avr/lib/avr5\libm.a(mulsf3x.o)
                0x000007bc                __mulsf3x
                0x000007c0                __mulsf3_pse
 .text.libgcc.div
                0x0000086a       0x26 c:/program files (x86)/atmel/studio/7.0/toolchain/avr8/avr8-gnu-toolchain/bin/../lib/gcc/avr/5.4.0/avr5\libgcc.a(_divmodhi4.o)
                0x0000086a                _div
                0x0000086a                __divmodhi4
 .text.libgcc.div
                0x00000890       0x44 c:/program files (x86)/atmel/studio/7.0/toolchain/avr8/avr8-gnu-toolchain/bin/../lib/gcc/avr/5.4.0/avr5\libgcc.a(_udivmodsi4.o)
                0x00000890                __udivmodsi4
 .text.libgcc.div
                0x000008d4       0x28 c:/program files (x86)/atmel/studio/7.0/toolchain/avr8/avr8-gnu-toolchain/bin/../lib/gcc/avr/5.4.0/avr5\libgcc.a(_udivmodhi4.o)
                0x000008d4                __udivmodhi4
                0x000008fc                . = ALIGN (0x2)
 *(.fini9)
 .fini9         0x000008fc        0x0 c:/program files (x86)/atmel/studio/7.0/toolchain/avr8/avr8-gnu-toolchain/bin/../lib/gcc/avr/5.4.0/avr5\libgcc.a(_exit.o)
                0x000008fc                _exit
                0x000008fc                exit
 *(.fini9)
 *(.fini8)
 *(.fini8)
 *(.fini7)
 *(.fini7)
 *(.fini6)
 *(.fini6)
 *(.fini5)
 *(.fini5)
 *(.fini4)
 *(.fini4)
 *(.fini3)
 *(.fini3)
 *(.fini2)
 *(.fini2)
 *(.fini1)
 *(.fini1)
 *(.fini0)
 .fini0         0x000008fc        0x4 c:/program files (x86)/atmel/studio/7.0/toolchain/avr8/avr8-gnu-toolchain/bin/../lib/gcc/avr/5.4.0/avr5\libgcc.a(_exit.o)
 *(.fini0)
                0x00000900                _etext = .

.data           0x00800060        0x0 load address 0x00000900
                [!provide]                PROVIDE (__data_start, .)
 *(.data)
 *(.data*)
 *(.gnu.linkonce.d*)
 *(.rodata)
 *(.rodata*)
 *(.gnu.linkonce.r*)
                0x00800060                . = ALIGN (0x2)
                0x00800060                _edata = .
                [!provide]                PROVIDE (__data_end, .)

.bss            0x00800060        0xc
                0x00800060                PROVIDE (__bss_start, .)
 *(.bss)
 *(.bss*)
 .bss.distance  0x00800060        0x2 main.o
                0x00800060                distance
 .bss.Edge_Status_Control
                0x00800062        0x1 SwICU.o
                0x00800062                Edge_Status_Control
 .bss.SPWM_Flag
                0x00800063        0x1 timers.o
                0x00800063                SPWM_Flag
 .bss.PWM1DC    0x00800064        0x1 timers.o
                0x00800064                PWM1DC
 *(COMMON)
 COMMON         0x00800065        0x1 main.o
                0x00800065                gu_IC_SW
 COMMON         0x00800066        0x6 timers.o
                0x00800066                prescaler_Timer0
                0x00800068                prescaler_Timer2
                0x0080006a                prescaler_Timer1
                0x0080006c                PROVIDE (__bss_end, .)
                0x00000900                __data_load_start = LOADADDR (.data)
                0x00000900                __data_load_end = (__data_load_start + SIZEOF (.data))

.noinit         0x0080006c        0x0
                [!provide]                PROVIDE (__noinit_start, .)
 *(.noinit*)
                [!provide]                PROVIDE (__noinit_end, .)
                0x0080006c                _end = .
                [!provide]                PROVIDE (__heap_start, .)

.eeprom         0x00810000        0x0
 *(.eeprom*)
                0x00810000                __eeprom_end = .

.fuse
 *(.fuse)
 *(.lfuse)
 *(.hfuse)
 *(.efuse)

.lock
 *(.lock*)

.signature
 *(.signature*)

.user_signatures
 *(.user_signatures*)

.stab
 *(.stab)

.stabstr
 *(.stabstr)

.stab.excl
 *(.stab.excl)

.stab.exclstr
 *(.stab.exclstr)

.stab.index
 *(.stab.index)

.stab.indexstr
 *(.stab.indexstr)

.comment        0x00000000       0x30
 *(.comment)
 .comment       0x00000000       0x30 extint.o
                                 0x31 (size before relaxing)
 .comment       0x00000030       0x31 HwPWM.o
 .comment       0x00000030       0x31 led.o
 .comment       0x00000030       0x31 main.o
 .comment       0x00000030       0x31 SwICU.o
 .comment       0x00000030       0x31 timers.o
 .comment       0x00000030       0x31 gpio.o
 .comment       0x00000030       0x31 ultrasonic.o

.note.gnu.avr.deviceinfo
                0x00000000       0x3c
 .note.gnu.avr.deviceinfo
                0x00000000       0x3c C:/Program Files (x86)/Atmel/Studio/7.0/Packs/atmel/ATmega_DFP/1.3.300/gcc/dev/atmega32a/avr5/crtatmega32a.o

.note.gnu.build-id
 *(.note.gnu.build-id)

.debug
 *(.debug)

.line
 *(.line)

.debug_srcinfo
 *(.debug_srcinfo)

.debug_sfnames
 *(.debug_sfnames)

.debug_aranges  0x00000000      0x258
 *(.debug_aranges)
 .debug_aranges
                0x00000000       0x38 extint.o
 .debug_aranges
                0x00000038       0x28 HwPWM.o
 .debug_aranges
                0x00000060       0x38 led.o
 .debug_aranges
                0x00000098       0x28 main.o
 .debug_aranges
                0x000000c0       0x58 SwICU.o
 .debug_aranges
                0x00000118       0xc0 timers.o
 .debug_aranges
                0x000001d8       0x58 gpio.o
 .debug_aranges
                0x00000230       0x28 ultrasonic.o

.debug_pubnames
 *(.debug_pubnames)

.debug_info     0x00000000     0x205c
 *(.debug_info .gnu.linkonce.wi.*)
 .debug_info    0x00000000      0x4e6 C:/Program Files (x86)/Atmel/Studio/7.0/Packs/atmel/ATmega_DFP/1.3.300/gcc/dev/atmega32a/avr5/crtatmega32a.o
 .debug_info    0x000004e6       0xff extint.o
 .debug_info    0x000005e5      0x2f1 HwPWM.o
 .debug_info    0x000008d6      0x36a led.o
 .debug_info    0x00000c40      0x3ca main.o
 .debug_info    0x0000100a      0x29f SwICU.o
 .debug_info    0x000012a9      0xa10 timers.o
 .debug_info    0x00001cb9      0x252 gpio.o
 .debug_info    0x00001f0b      0x151 ultrasonic.o

.debug_abbrev   0x00000000      0xce9
 *(.debug_abbrev)
 .debug_abbrev  0x00000000      0x4a3 C:/Program Files (x86)/Atmel/Studio/7.0/Packs/atmel/ATmega_DFP/1.3.300/gcc/dev/atmega32a/avr5/crtatmega32a.o
 .debug_abbrev  0x000004a3       0x61 extint.o
 .debug_abbrev  0x00000504       0xf0 HwPWM.o
 .debug_abbrev  0x000005f4       0xb5 led.o
 .debug_abbrev  0x000006a9       0xee main.o
 .debug_abbrev  0x00000797       0xf1 SwICU.o
 .debug_abbrev  0x00000888      0x286 timers.o
 .debug_abbrev  0x00000b0e       0xef gpio.o
 .debug_abbrev  0x00000bfd       0xec ultrasonic.o

.debug_line     0x00000000     0x139f
 *(.debug_line .debug_line.* .debug_line_end)
 .debug_line    0x00000000      0x115 C:/Program Files (x86)/Atmel/Studio/7.0/Packs/atmel/ATmega_DFP/1.3.300/gcc/dev/atmega32a/avr5/crtatmega32a.o
 .debug_line    0x00000115       0xb5 extint.o
 .debug_line    0x000001ca       0xe1 HwPWM.o
 .debug_line    0x000002ab      0x158 led.o
 .debug_line    0x00000403      0x330 main.o
 .debug_line    0x00000733      0x2fc SwICU.o
 .debug_line    0x00000a2f      0x46d timers.o
 .debug_line    0x00000e9c      0x2cf gpio.o
 .debug_line    0x0000116b      0x234 ultrasonic.o

.debug_frame    0x00000000      0x554
 *(.debug_frame)
 .debug_frame   0x00000000       0x54 extint.o
 .debug_frame   0x00000054       0x88 HwPWM.o
 .debug_frame   0x000000dc       0x54 led.o
 .debug_frame   0x00000130       0x7c main.o
 .debug_frame   0x000001ac       0xa8 SwICU.o
 .debug_frame   0x00000254      0x238 timers.o
 .debug_frame   0x0000048c       0x94 gpio.o
 .debug_frame   0x00000520       0x34 ultrasonic.o

.debug_str      0x00000000     0x56fb
 *(.debug_str)
 .debug_str     0x00000000      0x196 C:/Program Files (x86)/Atmel/Studio/7.0/Packs/atmel/ATmega_DFP/1.3.300/gcc/dev/atmega32a/avr5/crtatmega32a.o
 .debug_str     0x00000196     0x32e0 extint.o
                               0x3366 (size before relaxing)
 .debug_str     0x00003476      0x436 HwPWM.o
                               0x374b (size before relaxing)
 .debug_str     0x000038ac       0x7a led.o
                               0x2d77 (size before relaxing)
 .debug_str     0x00003926     0x1870 main.o
                               0x4da1 (size before relaxing)
 .debug_str     0x00005196       0x99 SwICU.o
                               0x499f (size before relaxing)
 .debug_str     0x0000522f      0x3ed timers.o
                               0x40e6 (size before relaxing)
 .debug_str     0x0000561c       0x8b gpio.o
                               0x33a5 (size before relaxing)
 .debug_str     0x000056a7       0x54 ultrasonic.o
                               0x4540 (size before relaxing)

.debug_loc      0x00000000     0x127d
 *(.debug_loc)
 .debug_loc     0x00000000      0x17c HwPWM.o
 .debug_loc     0x0000017c      0x1b0 led.o
 .debug_loc     0x0000032c       0xcb main.o
 .debug_loc     0x000003f7       0xed SwICU.o
 .debug_loc     0x000004e4      0x6d2 timers.o
 .debug_loc     0x00000bb6      0x66f gpio.o
 .debug_loc     0x00001225       0x58 ultrasonic.o

.debug_macinfo
 *(.debug_macinfo)

.debug_weaknames
 *(.debug_weaknames)

.debug_funcnames
 *(.debug_funcnames)

.debug_typenames
 *(.debug_typenames)

.debug_varnames
 *(.debug_varnames)

.debug_pubtypes
 *(.debug_pubtypes)

.debug_ranges   0x00000000      0x220
 *(.debug_ranges)
 .debug_ranges  0x00000000       0x28 extint.o
 .debug_ranges  0x00000028       0x18 HwPWM.o
 .debug_ranges  0x00000040       0x28 led.o
 .debug_ranges  0x00000068       0x18 main.o
 .debug_ranges  0x00000080       0x48 SwICU.o
 .debug_ranges  0x000000c8       0xf8 timers.o
 .debug_ranges  0x000001c0       0x48 gpio.o
 .debug_ranges  0x00000208       0x18 ultrasonic.o

.debug_macro    0x00000000      0xd55
 *(.debug_macro)
 .debug_macro   0x00000000       0x3c extint.o
 .debug_macro   0x0000003c       0xfa extint.o
 .debug_macro   0x00000136       0x2e extint.o
 .debug_macro   0x00000164       0x5d HwPWM.o
 .debug_macro   0x000001c1       0x3a HwPWM.o
 .debug_macro   0x000001fb       0x28 HwPWM.o
 .debug_macro   0x00000223       0x40 HwPWM.o
 .debug_macro   0x00000263       0x3c led.o
 .debug_macro   0x0000029f       0xf3 main.o
 .debug_macro   0x00000392       0x1c main.o
 .debug_macro   0x000003ae       0x40 main.o
 .debug_macro   0x000003ee       0x88 main.o
 .debug_macro   0x00000476       0x10 main.o
 .debug_macro   0x00000486      0x1c9 main.o
 .debug_macro   0x0000064f      0x2fc main.o
 .debug_macro   0x0000094b      0x166 main.o
 .debug_macro   0x00000ab1       0x52 main.o
 .debug_macro   0x00000b03       0x40 main.o
 .debug_macro   0x00000b43       0xb5 SwICU.o
 .debug_macro   0x00000bf8       0x93 timers.o
 .debug_macro   0x00000c8b       0x32 gpio.o
 .debug_macro   0x00000cbd       0x98 ultrasonic.o
OUTPUT(GpioChallenge.elf elf32-avr)
LOAD linker stubs
