Archive member included to satisfy reference by file (symbol)

c:/program files (x86)/atmel/studio/7.0/toolchain/avr8/avr8-gnu-toolchain/bin/../lib/gcc/avr/5.4.0/avr5\libgcc.a(_exit.o)
                              C:/Program Files (x86)/Atmel/Studio/7.0/Packs/atmel/ATmega_DFP/1.3.300/gcc/dev/atmega32a/avr5/crtatmega32a.o (exit)
c:/program files (x86)/atmel/studio/7.0/toolchain/avr8/avr8-gnu-toolchain/bin/../lib/gcc/avr/5.4.0/avr5\libgcc.a(_tablejump2.o)
                              sevenSeg.o (__tablejump2__)
c:/program files (x86)/atmel/studio/7.0/toolchain/avr8/avr8-gnu-toolchain/bin/../lib/gcc/avr/5.4.0/avr5\libgcc.a(_clear_bss.o)
                              dcMotor.o (__do_clear_bss)

Allocating common symbols
Common symbol       size              file

prescaler_Timer0    0x2               timers.o
prescaler_Timer2    0x2               timers.o
PressCounter        0x1               req8.o
counter_motor_speed
                    0x1               dcMotor.o
prescaler_Timer1    0x2               timers.o
DelayCounter        0x2               req8.o

Discarded input sections

 .data          0x00000000        0x0 C:/Program Files (x86)/Atmel/Studio/7.0/Packs/atmel/ATmega_DFP/1.3.300/gcc/dev/atmega32a/avr5/crtatmega32a.o
 .bss           0x00000000        0x0 C:/Program Files (x86)/Atmel/Studio/7.0/Packs/atmel/ATmega_DFP/1.3.300/gcc/dev/atmega32a/avr5/crtatmega32a.o
 .group         0x00000000        0x8 dcMotor.o
 .group         0x00000000        0x8 dcMotor.o
 .group         0x00000000        0x8 dcMotor.o
 .group         0x00000000        0x8 dcMotor.o
 .group         0x00000000        0x8 dcMotor.o
 .group         0x00000000        0x8 dcMotor.o
 .text          0x00000000        0x0 dcMotor.o
 .data          0x00000000        0x0 dcMotor.o
 .bss           0x00000000        0x0 dcMotor.o
 .group         0x00000000        0x8 led.o
 .group         0x00000000        0x8 led.o
 .group         0x00000000        0x8 led.o
 .group         0x00000000        0x8 led.o
 .text          0x00000000        0x0 led.o
 .data          0x00000000        0x0 led.o
 .bss           0x00000000        0x0 led.o
 .text.Led_Init
                0x00000000       0x40 led.o
 .text.Led_On   0x00000000       0x40 led.o
 .text.Led_Off  0x00000000       0x40 led.o
 .text.Led_Toggle
                0x00000000       0x38 led.o
 .debug_info    0x00000000      0x36a led.o
 .debug_abbrev  0x00000000       0xb5 led.o
 .debug_loc     0x00000000      0x1b0 led.o
 .debug_aranges
                0x00000000       0x38 led.o
 .debug_ranges  0x00000000       0x28 led.o
 .debug_macro   0x00000000       0x3c led.o
 .debug_macro   0x00000000      0xa4e led.o
 .debug_macro   0x00000000       0x28 led.o
 .debug_macro   0x00000000       0x28 led.o
 .debug_macro   0x00000000       0x40 led.o
 .debug_line    0x00000000      0x158 led.o
 .debug_str     0x00000000     0x2d53 led.o
 .comment       0x00000000       0x31 led.o
 .debug_frame   0x00000000       0x54 led.o
 .group         0x00000000        0x8 main.o
 .group         0x00000000        0x8 main.o
 .group         0x00000000        0x8 main.o
 .group         0x00000000        0x8 main.o
 .group         0x00000000        0x8 main.o
 .group         0x00000000        0x8 main.o
 .group         0x00000000        0x8 main.o
 .group         0x00000000        0x8 main.o
 .group         0x00000000        0x8 main.o
 .group         0x00000000        0x8 main.o
 .group         0x00000000        0x8 main.o
 .group         0x00000000        0x8 main.o
 .group         0x00000000        0x8 main.o
 .text          0x00000000        0x0 main.o
 .data          0x00000000        0x0 main.o
 .bss           0x00000000        0x0 main.o
 .debug_macro   0x00000000      0xa4e main.o
 .debug_macro   0x00000000       0x28 main.o
 .debug_macro   0x00000000       0x28 main.o
 .debug_macro   0x00000000       0x40 main.o
 .debug_macro   0x00000000      0x100 main.o
 .debug_macro   0x00000000       0x46 main.o
 .group         0x00000000        0x8 myinterrupt.o
 .text          0x00000000        0x0 myinterrupt.o
 .data          0x00000000        0x0 myinterrupt.o
 .bss           0x00000000        0x0 myinterrupt.o
 .debug_info    0x00000000       0x21 myinterrupt.o
 .debug_abbrev  0x00000000       0x13 myinterrupt.o
 .debug_aranges
                0x00000000       0x18 myinterrupt.o
 .debug_macro   0x00000000       0x11 myinterrupt.o
 .debug_macro   0x00000000      0xa4e myinterrupt.o
 .debug_line    0x00000000       0x30 myinterrupt.o
 .debug_str     0x00000000     0x2b0d myinterrupt.o
 .comment       0x00000000       0x31 myinterrupt.o
 .group         0x00000000        0x8 pushButton.o
 .group         0x00000000        0x8 pushButton.o
 .group         0x00000000        0x8 pushButton.o
 .group         0x00000000        0x8 pushButton.o
 .text          0x00000000        0x0 pushButton.o
 .data          0x00000000        0x0 pushButton.o
 .bss           0x00000000        0x0 pushButton.o
 .text.pushButtonInit
                0x00000000       0x40 pushButton.o
 .text.pushButtonGetStatus
                0x00000000       0x36 pushButton.o
 .debug_info    0x00000000      0x263 pushButton.o
 .debug_abbrev  0x00000000       0xe0 pushButton.o
 .debug_loc     0x00000000       0xcf pushButton.o
 .debug_aranges
                0x00000000       0x28 pushButton.o
 .debug_ranges  0x00000000       0x18 pushButton.o
 .debug_macro   0x00000000       0x4c pushButton.o
 .debug_macro   0x00000000      0xa4e pushButton.o
 .debug_macro   0x00000000       0x28 pushButton.o
 .debug_macro   0x00000000       0x28 pushButton.o
 .debug_macro   0x00000000       0x3a pushButton.o
 .debug_line    0x00000000       0xfb pushButton.o
 .debug_str     0x00000000     0x2dbd pushButton.o
 .comment       0x00000000       0x31 pushButton.o
 .debug_frame   0x00000000       0x34 pushButton.o
 .group         0x00000000        0x8 req8.o
 .group         0x00000000        0x8 req8.o
 .group         0x00000000        0x8 req8.o
 .group         0x00000000        0x8 req8.o
 .group         0x00000000        0x8 req8.o
 .text          0x00000000        0x0 req8.o
 .data          0x00000000        0x0 req8.o
 .bss           0x00000000        0x0 req8.o
 .text.ButtonLedApp
                0x00000000       0x62 req8.o
 .bss.counterapp
                0x00000000        0x1 req8.o
 .debug_info    0x00000000      0x20f req8.o
 .debug_abbrev  0x00000000       0xda req8.o
 .debug_loc     0x00000000       0x8e req8.o
 .debug_aranges
                0x00000000       0x20 req8.o
 .debug_ranges  0x00000000       0x28 req8.o
 .debug_macro   0x00000000       0x59 req8.o
 .debug_macro   0x00000000      0xa4e req8.o
 .debug_macro   0x00000000       0x28 req8.o
 .debug_macro   0x00000000       0x2e req8.o
 .debug_macro   0x00000000       0x3a req8.o
 .debug_macro   0x00000000       0x40 req8.o
 .debug_line    0x00000000      0x107 req8.o
 .debug_str     0x00000000     0x2e72 req8.o
 .comment       0x00000000       0x31 req8.o
 .debug_frame   0x00000000       0x30 req8.o
 COMMON         0x00000000        0x3 req8.o
 .group         0x00000000        0x8 sevenSeg.o
 .group         0x00000000        0x8 sevenSeg.o
 .group         0x00000000        0x8 sevenSeg.o
 .group         0x00000000        0x8 sevenSeg.o
 .text          0x00000000        0x0 sevenSeg.o
 .data          0x00000000        0x0 sevenSeg.o
 .bss           0x00000000        0x0 sevenSeg.o
 .text.sevenSegInit
                0x00000000       0x36 sevenSeg.o
 .text.sevenSegEnable
                0x00000000       0x22 sevenSeg.o
 .text.sevenSegDisable
                0x00000000       0x22 sevenSeg.o
 .text.sevenSegWrite
                0x00000000       0x8e sevenSeg.o
 .progmem.gcc_sw_table.sevenSegWrite
                0x00000000       0x14 sevenSeg.o
 .debug_info    0x00000000      0x3b5 sevenSeg.o
 .debug_abbrev  0x00000000       0xb5 sevenSeg.o
 .debug_loc     0x00000000      0x23f sevenSeg.o
 .debug_aranges
                0x00000000       0x38 sevenSeg.o
 .debug_ranges  0x00000000       0x28 sevenSeg.o
 .debug_macro   0x00000000       0x3c sevenSeg.o
 .debug_macro   0x00000000      0xa4e sevenSeg.o
 .debug_macro   0x00000000       0x28 sevenSeg.o
 .debug_macro   0x00000000       0x28 sevenSeg.o
 .debug_macro   0x00000000       0x52 sevenSeg.o
 .debug_line    0x00000000      0x172 sevenSeg.o
 .debug_str     0x00000000     0x2de9 sevenSeg.o
 .comment       0x00000000       0x31 sevenSeg.o
 .debug_frame   0x00000000       0x54 sevenSeg.o
 .group         0x00000000        0x8 SevenSegApp.o
 .group         0x00000000        0x8 SevenSegApp.o
 .group         0x00000000        0x8 SevenSegApp.o
 .group         0x00000000        0x8 SevenSegApp.o
 .text          0x00000000        0x0 SevenSegApp.o
 .data          0x00000000        0x0 SevenSegApp.o
 .bss           0x00000000        0x0 SevenSegApp.o
 .text.SevenSegmentApp
                0x00000000       0x88 SevenSegApp.o
 .debug_info    0x00000000      0x1a7 SevenSegApp.o
 .debug_abbrev  0x00000000       0xc7 SevenSegApp.o
 .debug_loc     0x00000000       0xc9 SevenSegApp.o
 .debug_aranges
                0x00000000       0x20 SevenSegApp.o
 .debug_ranges  0x00000000       0x28 SevenSegApp.o
 .debug_macro   0x00000000       0x46 SevenSegApp.o
 .debug_macro   0x00000000      0xa4e SevenSegApp.o
 .debug_macro   0x00000000       0x28 SevenSegApp.o
 .debug_macro   0x00000000       0x28 SevenSegApp.o
 .debug_macro   0x00000000       0x52 SevenSegApp.o
 .debug_line    0x00000000      0x104 SevenSegApp.o
 .debug_str     0x00000000     0x2dad SevenSegApp.o
 .comment       0x00000000       0x31 SevenSegApp.o
 .debug_frame   0x00000000       0x40 SevenSegApp.o
 .group         0x00000000        0x8 softwareDelay.o
 .group         0x00000000        0x8 softwareDelay.o
 .text          0x00000000        0x0 softwareDelay.o
 .data          0x00000000        0x0 softwareDelay.o
 .bss           0x00000000        0x0 softwareDelay.o
 .text.softwareDelayMs
                0x00000000       0x26 softwareDelay.o
 .debug_info    0x00000000       0xad softwareDelay.o
 .debug_abbrev  0x00000000       0x72 softwareDelay.o
 .debug_loc     0x00000000       0x2a softwareDelay.o
 .debug_aranges
                0x00000000       0x20 softwareDelay.o
 .debug_ranges  0x00000000       0x10 softwareDelay.o
 .debug_macro   0x00000000       0x24 softwareDelay.o
 .debug_macro   0x00000000      0xa4e softwareDelay.o
 .debug_macro   0x00000000       0x28 softwareDelay.o
 .debug_line    0x00000000       0x75 softwareDelay.o
 .debug_str     0x00000000     0x2bef softwareDelay.o
 .comment       0x00000000       0x31 softwareDelay.o
 .debug_frame   0x00000000       0x24 softwareDelay.o
 .group         0x00000000        0x8 timers.o
 .group         0x00000000        0x8 timers.o
 .group         0x00000000        0x8 timers.o
 .group         0x00000000        0x8 timers.o
 .group         0x00000000        0x8 timers.o
 .group         0x00000000        0x8 timers.o
 .group         0x00000000        0x8 timers.o
 .group         0x00000000        0x8 timers.o
 .group         0x00000000        0x8 timers.o
 .text          0x00000000        0x0 timers.o
 .data          0x00000000        0x0 timers.o
 .bss           0x00000000        0x0 timers.o
 .text.timer0Set
                0x00000000        0x4 timers.o
 .text.timer0Read
                0x00000000        0x4 timers.o
 .text.timer0Start
                0x00000000        0xc timers.o
 .text.timer0DelayMs
                0x00000000       0x30 timers.o
 .text.timer0DelayUs
                0x00000000        0x2 timers.o
 .text.timer1Init
                0x00000000       0x5a timers.o
 .text.timer1Set
                0x00000000        0x4 timers.o
 .text.timer1Read
                0x00000000        0x4 timers.o
 .text.timer1Start
                0x00000000        0xc timers.o
 .text.timer1Stop
                0x00000000       0x16 timers.o
 .text.timer1DelayMs
                0x00000000       0x30 timers.o
 .text.timer2Set
                0x00000000        0x4 timers.o
 .text.timer2Read
                0x00000000        0x4 timers.o
 .bss.OverFlowTicks
                0x00000000        0x1 timers.o
 .bss.OverFlowTicksReq
                0x00000000        0x2 timers.o
 .bss.tick_time
                0x00000000        0x2 timers.o
 .bss.TickTime  0x00000000        0x2 timers.o
 .debug_macro   0x00000000      0xa4e timers.o
 .debug_macro   0x00000000       0x28 timers.o
 .debug_macro   0x00000000       0x2e timers.o
 .debug_macro   0x00000000       0x46 timers.o
 .debug_macro   0x00000000       0x40 timers.o
 .debug_macro   0x00000000       0x40 timers.o
 .debug_macro   0x00000000       0x88 timers.o
 .debug_macro   0x00000000       0x52 timers.o
 .group         0x00000000        0x8 gpio.o
 .group         0x00000000        0x8 gpio.o
 .group         0x00000000        0x8 gpio.o
 .group         0x00000000        0x8 gpio.o
 .text          0x00000000        0x0 gpio.o
 .data          0x00000000        0x0 gpio.o
 .bss           0x00000000        0x0 gpio.o
 .text.gpioPortDirection
                0x00000000       0x20 gpio.o
 .text.gpioPortWrite
                0x00000000       0x20 gpio.o
 .text.gpioPortToggle
                0x00000000       0x30 gpio.o
 .text.gpioPortRead
                0x00000000       0x2a gpio.o
 .text.gpioPinToggle
                0x00000000       0x30 gpio.o
 .text.gpioPinRead
                0x00000000       0x42 gpio.o
 .debug_macro   0x00000000      0xa4e gpio.o
 .debug_macro   0x00000000       0x28 gpio.o
 .debug_macro   0x00000000       0xfa gpio.o
 .debug_macro   0x00000000       0x2e gpio.o
 .text          0x00000000        0x0 c:/program files (x86)/atmel/studio/7.0/toolchain/avr8/avr8-gnu-toolchain/bin/../lib/gcc/avr/5.4.0/avr5\libgcc.a(_exit.o)
 .data          0x00000000        0x0 c:/program files (x86)/atmel/studio/7.0/toolchain/avr8/avr8-gnu-toolchain/bin/../lib/gcc/avr/5.4.0/avr5\libgcc.a(_exit.o)
 .bss           0x00000000        0x0 c:/program files (x86)/atmel/studio/7.0/toolchain/avr8/avr8-gnu-toolchain/bin/../lib/gcc/avr/5.4.0/avr5\libgcc.a(_exit.o)
 .text.libgcc.mul
                0x00000000        0x0 c:/program files (x86)/atmel/studio/7.0/toolchain/avr8/avr8-gnu-toolchain/bin/../lib/gcc/avr/5.4.0/avr5\libgcc.a(_exit.o)
 .text.libgcc.div
                0x00000000        0x0 c:/program files (x86)/atmel/studio/7.0/toolchain/avr8/avr8-gnu-toolchain/bin/../lib/gcc/avr/5.4.0/avr5\libgcc.a(_exit.o)
 .text.libgcc   0x00000000        0x0 c:/program files (x86)/atmel/studio/7.0/toolchain/avr8/avr8-gnu-toolchain/bin/../lib/gcc/avr/5.4.0/avr5\libgcc.a(_exit.o)
 .text.libgcc.prologue
                0x00000000        0x0 c:/program files (x86)/atmel/studio/7.0/toolchain/avr8/avr8-gnu-toolchain/bin/../lib/gcc/avr/5.4.0/avr5\libgcc.a(_exit.o)
 .text.libgcc.builtins
                0x00000000        0x0 c:/program files (x86)/atmel/studio/7.0/toolchain/avr8/avr8-gnu-toolchain/bin/../lib/gcc/avr/5.4.0/avr5\libgcc.a(_exit.o)
 .text.libgcc.fmul
                0x00000000        0x0 c:/program files (x86)/atmel/studio/7.0/toolchain/avr8/avr8-gnu-toolchain/bin/../lib/gcc/avr/5.4.0/avr5\libgcc.a(_exit.o)
 .text.libgcc.fixed
                0x00000000        0x0 c:/program files (x86)/atmel/studio/7.0/toolchain/avr8/avr8-gnu-toolchain/bin/../lib/gcc/avr/5.4.0/avr5\libgcc.a(_exit.o)
 .text          0x00000000        0x0 c:/program files (x86)/atmel/studio/7.0/toolchain/avr8/avr8-gnu-toolchain/bin/../lib/gcc/avr/5.4.0/avr5\libgcc.a(_tablejump2.o)
 .data          0x00000000        0x0 c:/program files (x86)/atmel/studio/7.0/toolchain/avr8/avr8-gnu-toolchain/bin/../lib/gcc/avr/5.4.0/avr5\libgcc.a(_tablejump2.o)
 .bss           0x00000000        0x0 c:/program files (x86)/atmel/studio/7.0/toolchain/avr8/avr8-gnu-toolchain/bin/../lib/gcc/avr/5.4.0/avr5\libgcc.a(_tablejump2.o)
 .text.libgcc.mul
                0x00000000        0x0 c:/program files (x86)/atmel/studio/7.0/toolchain/avr8/avr8-gnu-toolchain/bin/../lib/gcc/avr/5.4.0/avr5\libgcc.a(_tablejump2.o)
 .text.libgcc.div
                0x00000000        0x0 c:/program files (x86)/atmel/studio/7.0/toolchain/avr8/avr8-gnu-toolchain/bin/../lib/gcc/avr/5.4.0/avr5\libgcc.a(_tablejump2.o)
 .text.libgcc   0x00000000        0xc c:/program files (x86)/atmel/studio/7.0/toolchain/avr8/avr8-gnu-toolchain/bin/../lib/gcc/avr/5.4.0/avr5\libgcc.a(_tablejump2.o)
 .text.libgcc.prologue
                0x00000000        0x0 c:/program files (x86)/atmel/studio/7.0/toolchain/avr8/avr8-gnu-toolchain/bin/../lib/gcc/avr/5.4.0/avr5\libgcc.a(_tablejump2.o)
 .text.libgcc.builtins
                0x00000000        0x0 c:/program files (x86)/atmel/studio/7.0/toolchain/avr8/avr8-gnu-toolchain/bin/../lib/gcc/avr/5.4.0/avr5\libgcc.a(_tablejump2.o)
 .text.libgcc.fmul
                0x00000000        0x0 c:/program files (x86)/atmel/studio/7.0/toolchain/avr8/avr8-gnu-toolchain/bin/../lib/gcc/avr/5.4.0/avr5\libgcc.a(_tablejump2.o)
 .text.libgcc.fixed
                0x00000000        0x0 c:/program files (x86)/atmel/studio/7.0/toolchain/avr8/avr8-gnu-toolchain/bin/../lib/gcc/avr/5.4.0/avr5\libgcc.a(_tablejump2.o)
 .text          0x00000000        0x0 c:/program files (x86)/atmel/studio/7.0/toolchain/avr8/avr8-gnu-toolchain/bin/../lib/gcc/avr/5.4.0/avr5\libgcc.a(_clear_bss.o)
 .data          0x00000000        0x0 c:/program files (x86)/atmel/studio/7.0/toolchain/avr8/avr8-gnu-toolchain/bin/../lib/gcc/avr/5.4.0/avr5\libgcc.a(_clear_bss.o)
 .bss           0x00000000        0x0 c:/program files (x86)/atmel/studio/7.0/toolchain/avr8/avr8-gnu-toolchain/bin/../lib/gcc/avr/5.4.0/avr5\libgcc.a(_clear_bss.o)
 .text.libgcc.mul
                0x00000000        0x0 c:/program files (x86)/atmel/studio/7.0/toolchain/avr8/avr8-gnu-toolchain/bin/../lib/gcc/avr/5.4.0/avr5\libgcc.a(_clear_bss.o)
 .text.libgcc.div
                0x00000000        0x0 c:/program files (x86)/atmel/studio/7.0/toolchain/avr8/avr8-gnu-toolchain/bin/../lib/gcc/avr/5.4.0/avr5\libgcc.a(_clear_bss.o)
 .text.libgcc   0x00000000        0x0 c:/program files (x86)/atmel/studio/7.0/toolchain/avr8/avr8-gnu-toolchain/bin/../lib/gcc/avr/5.4.0/avr5\libgcc.a(_clear_bss.o)
 .text.libgcc.prologue
                0x00000000        0x0 c:/program files (x86)/atmel/studio/7.0/toolchain/avr8/avr8-gnu-toolchain/bin/../lib/gcc/avr/5.4.0/avr5\libgcc.a(_clear_bss.o)
 .text.libgcc.builtins
                0x00000000        0x0 c:/program files (x86)/atmel/studio/7.0/toolchain/avr8/avr8-gnu-toolchain/bin/../lib/gcc/avr/5.4.0/avr5\libgcc.a(_clear_bss.o)
 .text.libgcc.fmul
                0x00000000        0x0 c:/program files (x86)/atmel/studio/7.0/toolchain/avr8/avr8-gnu-toolchain/bin/../lib/gcc/avr/5.4.0/avr5\libgcc.a(_clear_bss.o)
 .text.libgcc.fixed
                0x00000000        0x0 c:/program files (x86)/atmel/studio/7.0/toolchain/avr8/avr8-gnu-toolchain/bin/../lib/gcc/avr/5.4.0/avr5\libgcc.a(_clear_bss.o)

Memory Configuration

Name             Origin             Length             Attributes
text             0x00000000         0x00020000         xr
data             0x00800060         0x0000ffa0         rw !x
eeprom           0x00810000         0x00010000         rw !x
fuse             0x00820000         0x00000002         rw !x
lock             0x00830000         0x00000400         rw !x
signature        0x00840000         0x00000400         rw !x
user_signatures  0x00850000         0x00000400         rw !x
*default*        0x00000000         0xffffffff

Linker script and memory map

LOAD C:/Program Files (x86)/Atmel/Studio/7.0/Packs/atmel/ATmega_DFP/1.3.300/gcc/dev/atmega32a/avr5/crtatmega32a.o
LOAD dcMotor.o
LOAD led.o
LOAD main.o
LOAD myinterrupt.o
LOAD pushButton.o
LOAD req8.o
LOAD sevenSeg.o
LOAD SevenSegApp.o
LOAD softwareDelay.o
LOAD timers.o
LOAD gpio.o
START GROUP
LOAD c:/program files (x86)/atmel/studio/7.0/toolchain/avr8/avr8-gnu-toolchain/bin/../lib/gcc/avr/5.4.0/../../../../avr/lib/avr5\libm.a
END GROUP
START GROUP
LOAD c:/program files (x86)/atmel/studio/7.0/toolchain/avr8/avr8-gnu-toolchain/bin/../lib/gcc/avr/5.4.0/avr5\libgcc.a
LOAD c:/program files (x86)/atmel/studio/7.0/toolchain/avr8/avr8-gnu-toolchain/bin/../lib/gcc/avr/5.4.0/../../../../avr/lib/avr5\libm.a
LOAD c:/program files (x86)/atmel/studio/7.0/toolchain/avr8/avr8-gnu-toolchain/bin/../lib/gcc/avr/5.4.0/../../../../avr/lib/avr5\libc.a
LOAD C:/Program Files (x86)/Atmel/Studio/7.0/Packs/atmel/ATmega_DFP/1.3.300/gcc/dev/atmega32a/avr5\libatmega32a.a
END GROUP
                0x00000000                __TEXT_REGION_ORIGIN__ = DEFINED (__TEXT_REGION_ORIGIN__)?__TEXT_REGION_ORIGIN__:0x0
                0x00800060                __DATA_REGION_ORIGIN__ = DEFINED (__DATA_REGION_ORIGIN__)?__DATA_REGION_ORIGIN__:0x800060
                0x00020000                __TEXT_REGION_LENGTH__ = DEFINED (__TEXT_REGION_LENGTH__)?__TEXT_REGION_LENGTH__:0x20000
                0x0000ffa0                __DATA_REGION_LENGTH__ = DEFINED (__DATA_REGION_LENGTH__)?__DATA_REGION_LENGTH__:0xffa0
                0x00010000                __EEPROM_REGION_LENGTH__ = DEFINED (__EEPROM_REGION_LENGTH__)?__EEPROM_REGION_LENGTH__:0x10000
                [0x00000002]                __FUSE_REGION_LENGTH__ = DEFINED (__FUSE_REGION_LENGTH__)?__FUSE_REGION_LENGTH__:0x400
                0x00000400                __LOCK_REGION_LENGTH__ = DEFINED (__LOCK_REGION_LENGTH__)?__LOCK_REGION_LENGTH__:0x400
                0x00000400                __SIGNATURE_REGION_LENGTH__ = DEFINED (__SIGNATURE_REGION_LENGTH__)?__SIGNATURE_REGION_LENGTH__:0x400
                0x00000400                __USER_SIGNATURE_REGION_LENGTH__ = DEFINED (__USER_SIGNATURE_REGION_LENGTH__)?__USER_SIGNATURE_REGION_LENGTH__:0x400

.hash
 *(.hash)

.dynsym
 *(.dynsym)

.dynstr
 *(.dynstr)

.gnu.version
 *(.gnu.version)

.gnu.version_d
 *(.gnu.version_d)

.gnu.version_r
 *(.gnu.version_r)

.rel.init
 *(.rel.init)

.rela.init
 *(.rela.init)

.rel.text
 *(.rel.text)
 *(.rel.text.*)
 *(.rel.gnu.linkonce.t*)

.rela.text
 *(.rela.text)
 *(.rela.text.*)
 *(.rela.gnu.linkonce.t*)

.rel.fini
 *(.rel.fini)

.rela.fini
 *(.rela.fini)

.rel.rodata
 *(.rel.rodata)
 *(.rel.rodata.*)
 *(.rel.gnu.linkonce.r*)

.rela.rodata
 *(.rela.rodata)
 *(.rela.rodata.*)
 *(.rela.gnu.linkonce.r*)

.rel.data
 *(.rel.data)
 *(.rel.data.*)
 *(.rel.gnu.linkonce.d*)

.rela.data
 *(.rela.data)
 *(.rela.data.*)
 *(.rela.gnu.linkonce.d*)

.rel.ctors
 *(.rel.ctors)

.rela.ctors
 *(.rela.ctors)

.rel.dtors
 *(.rel.dtors)

.rela.dtors
 *(.rela.dtors)

.rel.got
 *(.rel.got)

.rela.got
 *(.rela.got)

.rel.bss
 *(.rel.bss)

.rela.bss
 *(.rela.bss)

.rel.plt
 *(.rel.plt)

.rela.plt
 *(.rela.plt)

.text           0x00000000      0x488
 *(.vectors)
 .vectors       0x00000000       0x54 C:/Program Files (x86)/Atmel/Studio/7.0/Packs/atmel/ATmega_DFP/1.3.300/gcc/dev/atmega32a/avr5/crtatmega32a.o
                0x00000000                __vector_default
                0x00000000                __vectors
 *(.vectors)
 *(.progmem.gcc*)
                0x00000054                . = ALIGN (0x2)
                0x00000054                __trampolines_start = .
 *(.trampolines)
 .trampolines   0x00000054        0x0 linker stubs
 *(.trampolines*)
                0x00000054                __trampolines_end = .
 *libprintf_flt.a:*(.progmem.data)
 *libc.a:*(.progmem.data)
 *(.progmem*)
                0x00000054                . = ALIGN (0x2)
 *(.jumptables)
 *(.jumptables*)
 *(.lowtext)
 *(.lowtext*)
                0x00000054                __ctors_start = .
 *(.ctors)
                0x00000054                __ctors_end = .
                0x00000054                __dtors_start = .
 *(.dtors)
                0x00000054                __dtors_end = .
 SORT(*)(.ctors)
 SORT(*)(.dtors)
 *(.init0)
 .init0         0x00000054        0x0 C:/Program Files (x86)/Atmel/Studio/7.0/Packs/atmel/ATmega_DFP/1.3.300/gcc/dev/atmega32a/avr5/crtatmega32a.o
                0x00000054                __init
 *(.init0)
 *(.init1)
 *(.init1)
 *(.init2)
 .init2         0x00000054        0xc C:/Program Files (x86)/Atmel/Studio/7.0/Packs/atmel/ATmega_DFP/1.3.300/gcc/dev/atmega32a/avr5/crtatmega32a.o
 *(.init2)
 *(.init3)
 *(.init3)
 *(.init4)
 .init4         0x00000060       0x10 c:/program files (x86)/atmel/studio/7.0/toolchain/avr8/avr8-gnu-toolchain/bin/../lib/gcc/avr/5.4.0/avr5\libgcc.a(_clear_bss.o)
                0x00000060                __do_clear_bss
 *(.init4)
 *(.init5)
 *(.init5)
 *(.init6)
 *(.init6)
 *(.init7)
 *(.init7)
 *(.init8)
 *(.init8)
 *(.init9)
 .init9         0x00000070        0x4 C:/Program Files (x86)/Atmel/Studio/7.0/Packs/atmel/ATmega_DFP/1.3.300/gcc/dev/atmega32a/avr5/crtatmega32a.o
 *(.init9)
 *(.text)
 .text          0x00000074        0x2 C:/Program Files (x86)/Atmel/Studio/7.0/Packs/atmel/ATmega_DFP/1.3.300/gcc/dev/atmega32a/avr5/crtatmega32a.o
                0x00000074                __vector_1
                0x00000074                __vector_12
                0x00000074                __bad_interrupt
                0x00000074                __vector_6
                0x00000074                __vector_3
                0x00000074                __vector_13
                0x00000074                __vector_17
                0x00000074                __vector_19
                0x00000074                __vector_7
                0x00000074                __vector_5
                0x00000074                __vector_4
                0x00000074                __vector_9
                0x00000074                __vector_2
                0x00000074                __vector_15
                0x00000074                __vector_8
                0x00000074                __vector_14
                0x00000074                __vector_10
                0x00000074                __vector_16
                0x00000074                __vector_18
                0x00000074                __vector_20
                0x00000076                . = ALIGN (0x2)
 *(.text.*)
 .text.MotorDC_Init
                0x00000076       0x32 dcMotor.o
                0x00000076                MotorDC_Init
 .text.MotorDC_Dir
                0x000000a8       0x9e dcMotor.o
                0x000000a8                MotorDC_Dir
 .text.MotorDC_Speed_PollingWithT0
                0x00000146       0x52 dcMotor.o
                0x00000146                MotorDC_Speed_PollingWithT0
 .text.main     0x00000198       0x8e main.o
                0x00000198                main
 .text.__vector_11
                0x00000226       0x88 timers.o
                0x00000226                __vector_11
 .text.timer0Init
                0x000002ae       0x36 timers.o
                0x000002ae                timer0Init
 .text.timer0Stop
                0x000002e4       0x16 timers.o
                0x000002e4                timer0Stop
 .text.timer0SwPWM
                0x000002fa        0xa timers.o
                0x000002fa                timer0SwPWM
 .text.timer2Init
                0x00000304       0x42 timers.o
                0x00000304                timer2Init
 .text.timer2Start
                0x00000346        0xc timers.o
                0x00000346                timer2Start
 .text.timer2Stop
                0x00000352       0x16 timers.o
                0x00000352                timer2Stop
 .text.timer2DelayMs
                0x00000368       0x2c timers.o
                0x00000368                timer2DelayMs
 .text.gpioPinDirection
                0x00000394       0x78 gpio.o
                0x00000394                gpioPinDirection
 .text.gpioPinWrite
                0x0000040c       0x78 gpio.o
                0x0000040c                gpioPinWrite
                0x00000484                . = ALIGN (0x2)
 *(.fini9)
 .fini9         0x00000484        0x0 c:/program files (x86)/atmel/studio/7.0/toolchain/avr8/avr8-gnu-toolchain/bin/../lib/gcc/avr/5.4.0/avr5\libgcc.a(_exit.o)
                0x00000484                _exit
                0x00000484                exit
 *(.fini9)
 *(.fini8)
 *(.fini8)
 *(.fini7)
 *(.fini7)
 *(.fini6)
 *(.fini6)
 *(.fini5)
 *(.fini5)
 *(.fini4)
 *(.fini4)
 *(.fini3)
 *(.fini3)
 *(.fini2)
 *(.fini2)
 *(.fini1)
 *(.fini1)
 *(.fini0)
 .fini0         0x00000484        0x4 c:/program files (x86)/atmel/studio/7.0/toolchain/avr8/avr8-gnu-toolchain/bin/../lib/gcc/avr/5.4.0/avr5\libgcc.a(_exit.o)
 *(.fini0)
                0x00000488                _etext = .

.data           0x00800060        0x0 load address 0x00000488
                [!provide]                PROVIDE (__data_start, .)
 *(.data)
 *(.data*)
 *(.gnu.linkonce.d*)
 *(.rodata)
 *(.rodata*)
 *(.gnu.linkonce.r*)
                0x00800060                . = ALIGN (0x2)
                0x00800060                _edata = .
                [!provide]                PROVIDE (__data_end, .)

.bss            0x00800060        0x9
                0x00800060                PROVIDE (__bss_start, .)
 *(.bss)
 *(.bss*)
 .bss.SPWM_Flag
                0x00800060        0x1 timers.o
                0x00800060                SPWM_Flag
 .bss.PWM1DC    0x00800061        0x1 timers.o
                0x00800061                PWM1DC
 *(COMMON)
 COMMON         0x00800062        0x1 dcMotor.o
                0x00800062                counter_motor_speed
 COMMON         0x00800063        0x6 timers.o
                0x00800063                prescaler_Timer0
                0x00800065                prescaler_Timer2
                0x00800067                prescaler_Timer1
                0x00800069                PROVIDE (__bss_end, .)
                0x00000488                __data_load_start = LOADADDR (.data)
                0x00000488                __data_load_end = (__data_load_start + SIZEOF (.data))

.noinit         0x00800069        0x0
                [!provide]                PROVIDE (__noinit_start, .)
 *(.noinit*)
                [!provide]                PROVIDE (__noinit_end, .)
                0x00800069                _end = .
                [!provide]                PROVIDE (__heap_start, .)

.eeprom         0x00810000        0x0
 *(.eeprom*)
                0x00810000                __eeprom_end = .

.fuse
 *(.fuse)
 *(.lfuse)
 *(.hfuse)
 *(.efuse)

.lock
 *(.lock*)

.signature
 *(.signature*)

.user_signatures
 *(.user_signatures*)

.stab
 *(.stab)

.stabstr
 *(.stabstr)

.stab.excl
 *(.stab.excl)

.stab.exclstr
 *(.stab.exclstr)

.stab.index
 *(.stab.index)

.stab.indexstr
 *(.stab.indexstr)

.comment        0x00000000       0x30
 *(.comment)
 .comment       0x00000000       0x30 dcMotor.o
                                 0x31 (size before relaxing)
 .comment       0x00000030       0x31 main.o
 .comment       0x00000030       0x31 timers.o
 .comment       0x00000030       0x31 gpio.o

.note.gnu.avr.deviceinfo
                0x00000000       0x3c
 .note.gnu.avr.deviceinfo
                0x00000000       0x3c C:/Program Files (x86)/Atmel/Studio/7.0/Packs/atmel/ATmega_DFP/1.3.300/gcc/dev/atmega32a/avr5/crtatmega32a.o

.note.gnu.build-id
 *(.note.gnu.build-id)

.debug
 *(.debug)

.line
 *(.line)

.debug_srcinfo
 *(.debug_srcinfo)

.debug_sfnames
 *(.debug_sfnames)

.debug_aranges  0x00000000      0x168
 *(.debug_aranges)
 .debug_aranges
                0x00000000       0x30 dcMotor.o
 .debug_aranges
                0x00000030       0x20 main.o
 .debug_aranges
                0x00000050       0xc0 timers.o
 .debug_aranges
                0x00000110       0x58 gpio.o

.debug_pubnames
 *(.debug_pubnames)

.debug_info     0x00000000     0x1a9f
 *(.debug_info .gnu.linkonce.wi.*)
 .debug_info    0x00000000      0x4e6 C:/Program Files (x86)/Atmel/Studio/7.0/Packs/atmel/ATmega_DFP/1.3.300/gcc/dev/atmega32a/avr5/crtatmega32a.o
 .debug_info    0x000004e6      0x49a dcMotor.o
 .debug_info    0x00000980      0x4f4 main.o
 .debug_info    0x00000e74      0x9d9 timers.o
 .debug_info    0x0000184d      0x252 gpio.o

.debug_abbrev   0x00000000      0x913
 *(.debug_abbrev)
 .debug_abbrev  0x00000000      0x4a3 C:/Program Files (x86)/Atmel/Studio/7.0/Packs/atmel/ATmega_DFP/1.3.300/gcc/dev/atmega32a/avr5/crtatmega32a.o
 .debug_abbrev  0x000004a3       0xe0 dcMotor.o
 .debug_abbrev  0x00000583       0xc7 main.o
 .debug_abbrev  0x0000064a      0x1da timers.o
 .debug_abbrev  0x00000824       0xef gpio.o

.debug_line     0x00000000      0xcd3
 *(.debug_line .debug_line.* .debug_line_end)
 .debug_line    0x00000000      0x115 C:/Program Files (x86)/Atmel/Studio/7.0/Packs/atmel/ATmega_DFP/1.3.300/gcc/dev/atmega32a/avr5/crtatmega32a.o
 .debug_line    0x00000115      0x1ab dcMotor.o
 .debug_line    0x000002c0      0x2d4 main.o
 .debug_line    0x00000594      0x470 timers.o
 .debug_line    0x00000a04      0x2cf gpio.o

.debug_frame    0x00000000      0x324
 *(.debug_frame)
 .debug_frame   0x00000000       0x4c dcMotor.o
 .debug_frame   0x0000004c       0x24 main.o
 .debug_frame   0x00000070      0x220 timers.o
 .debug_frame   0x00000290       0x94 gpio.o

.debug_str      0x00000000     0x540f
 *(.debug_str)
 .debug_str     0x00000000      0x196 C:/Program Files (x86)/Atmel/Studio/7.0/Packs/atmel/ATmega_DFP/1.3.300/gcc/dev/atmega32a/avr5/crtatmega32a.o
 .debug_str     0x00000196     0x35a8 dcMotor.o
                               0x362e (size before relaxing)
 .debug_str     0x0000373e     0x17f1 main.o
                               0x4dc7 (size before relaxing)
 .debug_str     0x00004f2f      0x447 timers.o
                               0x40d3 (size before relaxing)
 .debug_str     0x00005376       0x99 gpio.o
                               0x337c (size before relaxing)

.debug_loc      0x00000000      0xe80
 *(.debug_loc)
 .debug_loc     0x00000000      0x1ab dcMotor.o
 .debug_loc     0x000001ab      0x666 timers.o
 .debug_loc     0x00000811      0x66f gpio.o

.debug_macinfo
 *(.debug_macinfo)

.debug_weaknames
 *(.debug_weaknames)

.debug_funcnames
 *(.debug_funcnames)

.debug_typenames
 *(.debug_typenames)

.debug_varnames
 *(.debug_varnames)

.debug_pubtypes
 *(.debug_pubtypes)

.debug_ranges   0x00000000      0x170
 *(.debug_ranges)
 .debug_ranges  0x00000000       0x20 dcMotor.o
 .debug_ranges  0x00000020       0x10 main.o
 .debug_ranges  0x00000030       0xf8 timers.o
 .debug_ranges  0x00000128       0x48 gpio.o

.debug_macro    0x00000000     0x166f
 *(.debug_macro)
 .debug_macro   0x00000000       0x5a dcMotor.o
 .debug_macro   0x0000005a      0xa4e dcMotor.o
 .debug_macro   0x00000aa8       0x28 dcMotor.o
 .debug_macro   0x00000ad0       0x28 dcMotor.o
 .debug_macro   0x00000af8       0x4c dcMotor.o
 .debug_macro   0x00000b44      0x100 dcMotor.o
 .debug_macro   0x00000c44       0x46 dcMotor.o
 .debug_macro   0x00000c8a       0xd1 main.o
 .debug_macro   0x00000d5b       0x40 main.o
 .debug_macro   0x00000d9b       0x88 main.o
 .debug_macro   0x00000e23       0x10 main.o
 .debug_macro   0x00000e33      0x1c9 main.o
 .debug_macro   0x00000ffc      0x2fc main.o
 .debug_macro   0x000012f8      0x166 main.o
 .debug_macro   0x0000145e       0x52 main.o
 .debug_macro   0x000014b0       0x93 timers.o
 .debug_macro   0x00001543       0xfa timers.o
 .debug_macro   0x0000163d       0x32 gpio.o
OUTPUT(GpioChallenge.elf elf32-avr)
LOAD linker stubs
